--------- beginning of system
11-05 05:22:24.181   834  1928 W ActivityTaskManager: callingPackage for (uid=2000, pid=7802) has no WPC
11-05 05:22:24.190   834  1928 V WindowManager: DesktopModeLaunchParamsModifier: phase= 0 task=null activity=null display-area-from-current-params=null display-area-from-default-fallback=DefaultTaskDisplayArea@41053049 display-id=0 task-display-area-windowing-mode=1 suggested-display-area=DefaultTaskDisplayArea@41053049 task null, skipping
11-05 05:22:24.192   834  1928 V WindowManager: TaskLaunchParamsModifier:phase=0 task=null activity=null display-area-from-current-params=null display-area-from-default-fallback=DefaultTaskDisplayArea@41053049 display-id=0 task-display-area-windowing-mode=1 suggested-display-area=DefaultTaskDisplayArea@41053049
--------- beginning of main
11-05 05:22:24.208   834  1928 V GrammaticalInflectionUtils: AttributionSource: android.content.AttributionSource@16f8b47c does not have READ_SYSTEM_GRAMMATICAL_GENDER permission.
11-05 05:22:24.217   834  1928 V WindowManager: DesktopModeLaunchParamsModifier: phase= 0 task=null activity=ActivityRecord{127891613 u0 com.scratchoracle.app/.MainActivity display-area-from-current-params=null display-area-from-default-fallback=DefaultTaskDisplayArea@41053049 display-id=0 task-display-area-windowing-mode=1 suggested-display-area=DefaultTaskDisplayArea@41053049 task null, skipping
11-05 05:22:24.217   834  1928 V WindowManager: TaskLaunchParamsModifier:phase=0 task=null activity=ActivityRecord{127891613 u0 com.scratchoracle.app/.MainActivity t-1} display-area-from-current-params=null display-area-from-default-fallback=DefaultTaskDisplayArea@41053049 display-id=0 task-display-area-windowing-mode=1 suggested-display-area=DefaultTaskDisplayArea@41053049
11-05 05:22:24.218   834  1928 V WindowManager: DesktopModeLaunchParamsModifier: phase= 3 task=null activity=ActivityRecord{127891613 u0 com.scratchoracle.app/.MainActivity t-1} display-area-from-current-params=null display-area-from-default-fallback=DefaultTaskDisplayArea@41053049 display-id=0 task-display-area-windowing-mode=1 suggested-display-area=DefaultTaskDisplayArea@41053049 task null, skipping
11-05 05:22:24.218   834  1928 V WindowManager: TaskLaunchParamsModifier:phase=3 task=null activity=ActivityRecord{127891613 u0 com.scratchoracle.app/.MainActivity t-1} display-area-from-current-params=null display-area-from-default-fallback=DefaultTaskDisplayArea@41053049 display-id=0 task-display-area-windowing-mode=1 suggested-display-area=DefaultTaskDisplayArea@41053049 non-freeform-task-display-area display-area=DefaultTaskDisplayArea@41053049 skip-bounds-fullscreen
11-05 05:22:24.251   834  1928 V WindowManager: DesktopModeLaunchParamsModifier: phase= 3 task=Task{c146112 #43 type=standard A=10221:com.scratchoracle.app} activity=ActivityRecord{127891613 u0 com.scratchoracle.app/.MainActivity t-1} display-from-task=0 display-id=0 task-display-area-windowing-mode=1 suggested-display-area=DefaultTaskDisplayArea@41053049 not entering desktop mode, skipping
11-05 05:22:24.252   834  1928 V WindowManager: TaskLaunchParamsModifier:phase=3 task=Task{c146112 #43 type=standard A=10221:com.scratchoracle.app} activity=ActivityRecord{127891613 u0 com.scratchoracle.app/.MainActivity t-1} display-from-task=0 display-id=0 task-display-area-windowing-mode=1 suggested-display-area=DefaultTaskDisplayArea@41053049 inherit-from-task=fullscreen non-freeform-task-display-area display-area=DefaultTaskDisplayArea@41053049 skip-bounds-fullscreen
11-05 05:22:24.267   834  1928 I ActivityTaskManager: START u0 {flg=0x10000000 xflg=0x5 cmp=com.scratchoracle.app/.MainActivity} with LAUNCH_SINGLE_TASK from uid 2000 (com.android.shell) (BAL_ALLOW_PERMISSION) result code=0
11-05 05:22:24.274  1326  1326 D BaseActivity: Launcher flags updated: [state_started|state_resumed|state_deferred_resumed|state_window_focused] -[state_user_active]
11-05 05:22:24.279  1326  1326 D BaseActivity: Launcher flags updated: [state_started|state_window_focused] -[state_resumed|state_deferred_resumed]
11-05 05:22:24.279   834   868 V GrammaticalInflectionUtils: AttributionSource: android.content.AttributionSource@16f8b47c does not have READ_SYSTEM_GRAMMATICAL_GENDER permission.
11-05 05:22:24.283  1326  1326 W SplitSelectStateCtor: Missing session instanceIds
11-05 05:22:24.283  1326  1326 D StatsLog: LAUNCHER_SPLIT_SELECTION_EXIT_INTERRUPTED
11-05 05:22:24.287   834  1092 D BackgroundInstallControlService: Package event received: 0
11-05 05:22:24.300   834  1312 V WindowManager: Defer transition id=14 for TaskFragmentTransaction=android.os.Binder@2537c5e
11-05 05:22:24.303   834  1312 V WindowManager: deferTransitionReady deferReadyDepth=1 stack=com.android.server.wm.TransitionController.deferTransitionReady:1061 com.android.server.wm.TaskFragmentOrganizerController$TaskFragmentOrganizerState.dispatchTransaction:517 com.android.server.wm.TaskFragmentOrganizerController.dispatchPendingEvents:1259 com.android.server.wm.TaskFragmentOrganizerController.dispatchPendingEvents:1228 com.android.server.wm.RootWindowContainer.performSurfacePlacement:777 
11-05 05:22:24.304   834  1928 D CompatChangeReporter: Compat change id reported: 377864165; UID 10221; state: ENABLED
11-05 05:22:24.305   579   579 D Zygote  : Forked child process 7809
11-05 05:22:24.306   834   880 I ActivityManager: Start proc 7809:com.scratchoracle.app/u0a221 for next-top-activity {com.scratchoracle.app/com.scratchoracle.app.MainActivity}
11-05 05:22:24.306  1326  1326 D RecentsView: onTaskDisplayChanged: 43, new displayId = 0
11-05 05:22:24.308  1149  1211 V WindowManagerShell: Transition requested (#14): android.os.BinderProxy@88f95f8 TransitionRequestInfo { type = OPEN, triggerTask = TaskInfo{userId=0 taskId=43 effectiveUid=10221 displayId=0 isRunning=true baseIntent=Intent { flg=0x10000000 cmp=com.scratchoracle.app/.MainActivity } baseActivity=ComponentInfo{com.scratchoracle.app/com.scratchoracle.app.MainActivity} topActivity=ComponentInfo{com.scratchoracle.app/com.scratchoracle.app.MainActivity} origActivity=null realActivity=ComponentInfo{com.scratchoracle.app/com.scratchoracle.app.MainActivity} numActivities=1 lastActiveTime=13613396 supportsMultiWindow=true resizeMode=1 isResizeable=true minWidth=-1 minHeight=-1 defaultMinSize=220 token=WCT{android.os.BinderProxy@aa49ad1} topActivityType=1 pictureInPictureParams=null shouldDockBigOverlays=false launchIntoPipHostTaskId=-1 lastParentTaskIdBeforePip=-1 displayCutoutSafeInsets=Rect(0, 0 - 0, 0) topActivityInfo=ActivityInfo{de7c936 com.scratchoracle.app.MainActivity} launchCookies=[] positionInParent=Point(0, 0) parentTaskId=-1 isFocused=false isVisible=false isVisibleRequested=false isTopActivityNoDisplay=false isSleeping=false locusId=null displayAreaFeatureId=1 isTopActivityTransparent=false isActivityStackTransparent=false lastNonFullscreenBounds=null capturedLink=null capturedLinkTimestamp=0 requestedVisibleTypes=503 topActivityRequestOpenInBrowserEducationTimestamp=0 appCompatTaskInfo=AppCompatTaskInfo { topActivityInSizeCompat=false isLeafTask= true eligibleForLetterboxEducation= false isLetterboxEducationEnabled= true isLetterboxDoubleTapEnabled= false eligibleForUserAspectRatioButton= false topActivityBoundsLetterboxed= false isFromLetterboxDoubleTap= false topActivityLetterboxVerticalPosition= -1 topActivityLetterboxHorizontalPosition= -1 topActivityLetterboxWidth=-1 topActivityLetterboxHeight=-1 topActivityAppBounds=Rect(0, 0 - 1080, 2400) isUserFullscreenOverrideEnabled=false isSystemFullscreenOverrideEnabled=false hasMinAspectRatioOverride=false topActivityLetterboxBounds=null cameraCompatTaskInfo=CameraCompatTaskInfo { cameraCompatMode=inactive0} topNonResizableActivityAspectRatio=-1.0} topActivityMainWindowFrame=null isAppBubble=false}, pipChange = null, remoteTransition = null, displayChange = null, requestedLocation = null, userChange = null, windowingLayerChange = null, flags = 0, debugId = 14 }
11-05 05:22:24.310   834  1312 V WindowManager: Continue transition id=14 for TaskFragmentTransaction=android.os.Binder@2537c5e
11-05 05:22:24.313  1149  1211 D ShellSplitScreen: logExit: no-op, mLoggerSessionId is null
11-05 05:22:24.313   834  1312 V WindowManager: continueTransitionReady deferReadyDepth=0 stack=com.android.server.wm.TransitionController.continueTransitionReady:1071 com.android.server.wm.TaskFragmentOrganizerController$TaskFragmentOrganizerState.onTransactionFinished:546 com.android.server.wm.TaskFragmentOrganizerController.onTransactionHandled:740 android.window.ITaskFragmentOrganizerController$Stub.onTransact:225 android.os.Binder.execTransactInternal:1473 
11-05 05:22:24.320  1149  1211 D WindowManagerShell: setLauncherKeepClearAreaHeight: visible=false, height=544
11-05 05:22:24.326  1326  1326 D b/417220811: invalidateLoadedTasks - previous requestLoadId: -1
11-05 05:22:24.329  1326  1326 D b/417220811: invalidateLoadedTasks - previous requestLoadId: -1
11-05 05:22:24.352   708   798 W libbinder.IPCThreadState: Sending oneway calls to frozen process.
11-05 05:22:24.352   708   798 W libbinder.IPCThreadState: Sending oneway calls to frozen process.
11-05 05:22:24.356  1326  1326 D BaseActivity: Launcher flags updated: [state_started] -[state_window_focused]
11-05 05:22:24.360  7809  7809 I Zygote  : Process 7809 created for com.scratchoracle.app
11-05 05:22:24.361  7809  7809 I ratchoracle.app: Using CollectorTypeCMC GC.
11-05 05:22:24.364  7809  7809 W ratchoracle.app: Unexpected CPU variant for x86: x86_64.
11-05 05:22:24.364  7809  7809 W ratchoracle.app: Known variants: atom, sandybridge, silvermont, goldmont, goldmont-plus, goldmont-without-sha-xsaves, tremont, kabylake, alderlake, default
11-05 05:22:24.397  1326  1326 D b/417220811: invalidateLoadedTasks - previous requestLoadId: -1
11-05 05:22:24.399  1149  1250 D WindowOnBackDispatcher: setTopOnBackInvokedCallback (unwrapped): android.view.ViewRootImpl$$ExternalSyntheticLambda12@bab7cc3
11-05 05:22:24.400   834  1312 D CoreBackPreview: Window{5461e55 u0 Splash Screen com.scratchoracle.app}: Setting back callback OnBackInvokedCallbackInfo{mCallback=android.window.IOnBackInvokedCallback$Stub$Proxy@7a7a95b, mPriority=0, mIsAnimationCallback=false, mOverrideBehavior=0}
11-05 05:22:24.415   834  1928 W WindowManager: takeTaskSnapshot: taskId=36 not found or not visible
11-05 05:22:24.422  7809  7809 D nativeloader: Load libframework-connectivity-tiramisu-jni.so using APEX ns com_android_tethering for caller /apex/com.android.tethering/javalib/framework-connectivity-t.jar: ok
11-05 05:22:24.475   834  1092 D BackgroundInstallControlService: Package event received: 0
11-05 05:22:24.514  1149  1484 V WindowManagerShell: onTransitionReady(transaction=3582002726059)
11-05 05:22:24.514  1149  1211 V WindowManagerShell: onTransitionReady (#14) android.os.BinderProxy@88f95f8: {id=14 t=OPEN f=0x0 trk=0 r=[0@Point(0, 0)] c=[
11-05 05:22:24.514  1149  1211 V WindowManagerShell:         {m=OPEN f=NONE leash=Surface(name=Task=43#184)/@0x7d90bca sb=Rect(0, 0 - 1080, 2400) eb=Rect(0, 0 - 1080, 2400) epz=Point(1080, 2400) d=0 taskParent=-1 winMode=1 userId=0},
11-05 05:22:24.514  1149  1211 V WindowManagerShell:         {m=TO_BACK f=SHOW_WALLPAPER leash=Surface(name=Task=1#44)/@0x13dc13b sb=Rect(0, 0 - 1080, 2400) eb=Rect(0, 0 - 1080, 2400) epz=Point(1080, 2400) d=0 taskParent=-1 winMode=1 userId=0},
11-05 05:22:24.514  1149  1211 V WindowManagerShell:         {m=TO_BACK f=IS_WALLPAPER leash=Surface(name=WallpaperWindowToken{a5e3854}#65)/@0x6cd7058 sb=Rect(0, 0 - 1080, 2400) eb=Rect(0, 0 - 1080, 2400) epz=Point(1080, 2400) d=0}
11-05 05:22:24.514  1149  1211 V WindowManagerShell:     ]}
11-05 05:22:24.515   834   865 V WindowManager: Sent Transition (#14) createdAt=11-05 05:22:24.215 via request=TransitionRequestInfo { type = OPEN, triggerTask = TaskInfo{userId=0 taskId=43 effectiveUid=10221 displayId=0 isRunning=true baseIntent=Intent { flg=0x10000000 cmp=com.scratchoracle.app/.MainActivity } baseActivity=ComponentInfo{com.scratchoracle.app/com.scratchoracle.app.MainActivity} topActivity=ComponentInfo{com.scratchoracle.app/com.scratchoracle.app.MainActivity} origActivity=null realActivity=ComponentInfo{com.scratchoracle.app/com.scratchoracle.app.MainActivity} numActivities=1 lastActiveTime=13613396 supportsMultiWindow=true resizeMode=1 isResizeable=true minWidth=-1 minHeight=-1 defaultMinSize=220 token=WCT{RemoteToken{9b332c2 Task{c146112 #43 type=standard A=10221:com.scratchoracle.app}}} topActivityType=1 pictureInPictureParams=null shouldDockBigOverlays=false launchIntoPipHostTaskId=-1 lastParentTaskIdBeforePip=-1 displayCutoutSafeInsets=Rect(0, 0 - 0, 0) topActivityInfo=ActivityInfo{ecfe8d3 com.scratchoracle.app.MainActivity} launchCookies=[] positionInParent=Point(0, 0) parentTaskId=-1 isFocused=false isVisible=false isVisibleRequested=false isTopActivityNoDisplay=false isSleeping=false locusId=null displayAreaFeatureId=1 isTopActivityTransparent=false isActivityStackTransparent=false lastNonFullscreenBounds=null capturedLink=null capturedLinkTimestamp=0 requestedVisibleTypes=503 topActivityRequestOpenInBrowserEducationTimestamp=0 appCompatTaskInfo=AppCompatTaskInfo { topActivityInSizeCompat=false isLeafTask= true eligibleForLetterboxEducation= false isLetterboxEducationEnabled= true isLetterboxDoubleTapEnabled= false eligibleForUserAspectRatioButton= false topActivityBoundsLetterboxed= false isFromLetterboxDoubleTap= false topActivityLetterboxVerticalPosition= -1 topActivityLetterboxHorizontalPosition= -1 topActivityLetterboxWidth=-1 topActivityLetterboxHeight=-1 topActivityAppBounds=Rect(0, 0 - 1080, 2400) isUserFullscreenOverrideEnabled=false isSystemFullscreenOverrideEnabled=false hasMinAspectRatioOverride=false topActivityLetterboxBounds=null cameraCompatTaskInfo=CameraCompatTaskInfo { cameraCompatMode=inactive0} topNonResizableActivityAspectRatio=-1.0} topActivityMainWindowFrame=null isAppBubble=false}, pipChange = null, remoteTransition = null, displayChange = null, requestedLocation = null, userChange = null, windowingLayerChange = null, flags = 0, debugId = 14 }
11-05 05:22:24.515   834   865 V WindowManager:     startWCT=WindowContainerTransaction { changes= {} hops= [] errorCallbackToken=null taskFragmentOrganizer=null }
11-05 05:22:24.515   834   865 V WindowManager:     info={id=14 t=OPEN f=0x0 trk=0 r=[0@Point(0, 0)] c=[
11-05 05:22:24.515   834   865 V WindowManager:         {WCT{RemoteToken{9b332c2 Task{c146112 #43 type=standard A=10221:com.scratchoracle.app}}} m=OPEN f=NONE leash=Surface(name=Task=43#184)/@0x37a89a4 sb=Rect(0, 0 - 1080, 2400) eb=Rect(0, 0 - 1080, 2400) epz=Point(1080, 2400) d=0 taskParent=-1 winMode=1 userId=0},
11-05 05:22:24.515   834   865 V WindowManager:         {WCT{RemoteToken{fde634a Task{48aa688 #1 type=home}}} m=TO_BACK f=SHOW_WALLPAPER leash=Surface(name=Task=1#44)/@0xeb23a sb=Rect(0, 0 - 1080, 2400) eb=Rect(0, 0 - 1080, 2400) epz=Point(1080, 2400) d=0 taskParent=-1 winMode=1 userId=0},
11-05 05:22:24.515   834   865 V WindowManager:         {m=TO_BACK f=IS_WALLPAPER leash=Surface(name=WallpaperWindowToken{a5e3854}#65)/@0x6c8aefd sb=Rect(0, 0 - 1080, 2400) eb=Rect(0, 0 - 1080, 2400) epz=Point(1080, 2400) d=0}
11-05 05:22:24.515   834   865 V WindowManager:     ]}
11-05 05:22:24.543  1149  1211 V WindowManagerShell: Playing animation for (#14) android.os.BinderProxy@88f95f8@0
11-05 05:22:24.545  1149  1211 V ShellRecents: RecentsTransitionHandler.startAnimation: no controller found
11-05 05:22:24.545  1149  1211 V WindowManagerShell: Transition doesn't have explicit remote, search filters for match for {id=14 t=OPEN f=0x0 trk=0 r=[0@Point(0, 0)] c=[{m=OPEN f=NONE leash=Surface(name=Task=43#184)/@0x7d90bca sb=Rect(0, 0 - 1080, 2400) eb=Rect(0, 0 - 1080, 2400) epz=Point(1080, 2400) d=0 taskParent=-1 winMode=1 userId=0},{m=TO_BACK f=SHOW_WALLPAPER leash=Surface(name=Task=1#44)/@0x13dc13b sb=Rect(0, 0 - 1080, 2400) eb=Rect(0, 0 - 1080, 2400) epz=Point(1080, 2400) d=0 taskParent=-1 winMode=1 userId=0},{m=TO_BACK f=IS_WALLPAPER leash=Surface(name=WallpaperWindowToken{a5e3854}#65)/@0x6cd7058 sb=Rect(0, 0 - 1080, 2400) eb=Rect(0, 0 - 1080, 2400) epz=Point(1080, 2400) d=0}]}
11-05 05:22:24.545  1149  1211 V WindowManagerShell:  Checking filter Pair{{types=[] flags=0x0] notFlags=0x0 checks=[{atype=undefined independent=true modes=[CLOSE,TO_BACK] flags=IN_TASK_WITH_EMBEDDED_ACTIVITY mustBeTask=false order=ANY topActivity=null launchCookie=null taskFragmentToken=android.os.BinderProxy@c15e8d1 windowingMode=undefined isCrossDisplayMove=false}]} RemoteTransition { remoteTransition = android.window.IRemoteTransition$Stub$Proxy@4e9ff36, appThread = android.app.IApplicationThread$Stub$Proxy@d284e37, debugName = overlayBackTransition }}
11-05 05:22:24.546  1149  1211 V WindowManagerShell:  Checking filter Pair{{types=[] flags=0x0] notFlags=0x0 checks=[{atype=dream independent=true modes=[OPEN,TO_FRONT] flags=NONE mustBeTask=false order=ANY topActivity=null launchCookie=null windowingMode=undefined isCrossDisplayMove=false},{atype=home independent=true modes=[CLOSE,TO_BACK] flags=NONE mustBeTask=false order=ANY topActivity=null launchCookie=null windowingMode=undefined isCrossDisplayMove=false}]} RemoteTransition { remoteTransition = android.window.IRemoteTransition$Stub$Proxy@7883fa4, appThread = android.app.IApplicationThread$Stub$Proxy@53f410d, debugName = LauncherToDream }}
11-05 05:22:24.546  1149  1211 V WindowManagerShell:  Checking filter Pair{{types=[] flags=0x0] notFlags=0x100 checks=[{atype=home independent=true modes=[OPEN,TO_FRONT] flags=NONE mustBeTask=false order=TOP topActivity=ComponentInfo{com.google.android.apps.nexuslauncher/com.google.android.apps.nexuslauncher.NexusLauncherActivity} launchCookie=null windowingMode=undefined isCrossDisplayMove=false},{atype=standard independent=true modes=[CLOSE,TO_BACK] flags=NONE mustBeTask=false order=ANY topActivity=null launchCookie=null windowingMode=undefined isCrossDisplayMove=false},{NOT atype=undefined independent=true modes=[] flags=NONE mustBeTask=true order=ANY topActivity=null launchCookie=null customAnim=true windowingMode=undefined isCrossDisplayMove=false}]} RemoteTransition { remoteTransition = android.window.IRemoteTransition$Stub$Proxy@eced8c2, appThread = android.app.IApplicationThread$Stub$Proxy@c2996d3, debugName = QuickstepLaunchHome }}
11-05 05:22:24.546  1149  1211 V WindowManagerShell:  Delegate animation for (#14) to null
11-05 05:22:24.546  1149  1211 V WindowManagerShell: start default transition animation, info = {id=14 t=OPEN f=0x0 trk=0 r=[0@Point(0, 0)] c=[{m=OPEN f=NONE leash=Surface(name=Task=43#184)/@0x7d90bca sb=Rect(0, 0 - 1080, 2400) eb=Rect(0, 0 - 1080, 2400) epz=Point(1080, 2400) d=0 taskParent=-1 winMode=1 userId=0},{m=TO_BACK f=SHOW_WALLPAPER leash=Surface(name=Task=1#44)/@0x13dc13b sb=Rect(0, 0 - 1080, 2400) eb=Rect(0, 0 - 1080, 2400) epz=Point(1080, 2400) d=0 taskParent=-1 winMode=1 userId=0},{m=TO_BACK f=IS_WALLPAPER leash=Surface(name=WallpaperWindowToken{a5e3854}#65)/@0x6cd7058 sb=Rect(0, 0 - 1080, 2400) eb=Rect(0, 0 - 1080, 2400) epz=Point(1080, 2400) d=0}]}
11-05 05:22:24.549  1149  1211 V WindowManagerShell: loadAnimation: anim=android.view.animation.AnimationSet@6d53a04 animAttr=0x13 type=OPEN isEntrance=false
11-05 05:22:24.551  1149  1211 V WindowManagerShell: loadAnimation: anim=android.view.animation.AnimationSet@66df270 animAttr=0x12 type=OPEN isEntrance=true
11-05 05:22:24.554  1149  1211 V WindowManagerShell:  animated by com.android.wm.shell.transition.DefaultTransitionHandler@5eafa9b
11-05 05:22:24.560  7809  7809 D ApplicationLoaders: Returning zygote-cached class loader: /system/framework/org.apache.http.legacy.jar
11-05 05:22:24.560  1149  1211 V ShellTaskOrganizer: Task appeared taskId=43 listener=FullscreenTaskListener
11-05 05:22:24.560  1149  1211 V ShellTaskOrganizer: Fullscreen Task Appeared: #43
11-05 05:22:24.561  1326  1326 D b/417220811: invalidateLoadedTasks - previous requestLoadId: -1
11-05 05:22:24.569  7809  7809 D nativeloader: Configuring clns-9 for other apk /data/app/~~VQidtQmtKQpl2alC9HrWtA==/com.scratchoracle.app-w8smA7pMVhueqiIHWqQHHA==/base.apk. target_sdk_version=36, uses_libraries=, library_path=/data/app/~~VQidtQmtKQpl2alC9HrWtA==/com.scratchoracle.app-w8smA7pMVhueqiIHWqQHHA==/lib/x86_64:/data/app/~~VQidtQmtKQpl2alC9HrWtA==/com.scratchoracle.app-w8smA7pMVhueqiIHWqQHHA==/base.apk!/lib/x86_64, permitted_path=/data:/mnt/expand:/data/user/0/com.scratchoracle.app
11-05 05:22:24.609  7809  7809 V GraphicsEnvironment: Currently set values for:
11-05 05:22:24.610  7809  7809 V GraphicsEnvironment:   angle_gl_driver_selection_pkgs=[]
11-05 05:22:24.611  7809  7809 V GraphicsEnvironment:   angle_gl_driver_selection_values=[]
11-05 05:22:24.611  7809  7809 V GraphicsEnvironment: com.scratchoracle.app is not listed in per-application setting
11-05 05:22:24.611  7809  7809 V GraphicsEnvironment: ANGLE allowlist from config: com.dreamgames.royalmatch com.dts.freefiremax com.dxx.firenow com.gramgames.mergedragons com.ludo.king com.mojang.minecraftpe com.my.defense com.nintendo.zaka com.os.airforce com.playrix.fishdomdd.gplay io.teslatech.callbreak jp.konami.prospia net.peakgames.toonblast
11-05 05:22:24.611  7809  7809 V GraphicsEnvironment: No special selections for ANGLE, returning default driver choice
11-05 05:22:24.612  7809  7809 V GraphicsEnvironment: Neither updatable production driver nor prerelease driver is supported.
11-05 05:22:24.663  7809  7809 D WM-WrkMgrInitializer: Initializing WorkManager with default configuration.
11-05 05:22:24.679  7809  7809 W SoLoader: Initializing SoLoader: 0
11-05 05:22:24.681  7809  7809 W SoLoader: Recording new base apk path: /data/app/~~VQidtQmtKQpl2alC9HrWtA==/com.scratchoracle.app-w8smA7pMVhueqiIHWqQHHA==/base.apk
11-05 05:22:24.681  7809  7809 W SoLoader: Previously recorded 0 base apk paths.
11-05 05:22:24.681  7809  7828 E ashmem  : Pinning is deprecated since Android Q. Please use trim or other methods.
11-05 05:22:24.683  7809  7809 I SoLoader: Preparing SO source: DirectorySoSource[root = /vendor/lib64 flags = 2]
11-05 05:22:24.683  7809  7809 I SoLoader: Preparing SO source: DirectorySoSource[root = /system/lib64 flags = 2]
11-05 05:22:24.683  7809  7809 I SoLoader: Preparing SO source: DirectApkSoSource[root = [/data/app/~~VQidtQmtKQpl2alC9HrWtA==/com.scratchoracle.app-w8smA7pMVhueqiIHWqQHHA==/base.apk!/lib/x86_64]]
11-05 05:22:24.687  7809  7809 I SoLoader: Preparing SO source: ApplicationSoSource[DirectorySoSource[root = /data/app/~~VQidtQmtKQpl2alC9HrWtA==/com.scratchoracle.app-w8smA7pMVhueqiIHWqQHHA==/lib/x86_64 flags = 0]]
11-05 05:22:24.687  7809  7809 I SoLoader: init finish: 4 SO sources prepared
11-05 05:22:24.688  7809  7809 W SoLoader: SoLoader initialized: 8
11-05 05:22:24.701  7809  7809 D nativeloader: Load /data/app/~~VQidtQmtKQpl2alC9HrWtA==/com.scratchoracle.app-w8smA7pMVhueqiIHWqQHHA==/base.apk!/lib/x86_64/libc++_shared.so using class loader ns clns-9 (caller=/data/app/~~VQidtQmtKQpl2alC9HrWtA==/com.scratchoracle.app-w8smA7pMVhueqiIHWqQHHA==/base.apk): ok
11-05 05:22:24.754  7809  7809 D nativeloader: Load /data/app/~~VQidtQmtKQpl2alC9HrWtA==/com.scratchoracle.app-w8smA7pMVhueqiIHWqQHHA==/base.apk!/lib/x86_64/libjsi.so using class loader ns clns-9 (caller=/data/app/~~VQidtQmtKQpl2alC9HrWtA==/com.scratchoracle.app-w8smA7pMVhueqiIHWqQHHA==/base.apk): ok
11-05 05:22:24.757  7809  7809 D nativeloader: Load /data/app/~~VQidtQmtKQpl2alC9HrWtA==/com.scratchoracle.app-w8smA7pMVhueqiIHWqQHHA==/base.apk!/lib/x86_64/libfbjni.so using class loader ns clns-9 (caller=/data/app/~~VQidtQmtKQpl2alC9HrWtA==/com.scratchoracle.app-w8smA7pMVhueqiIHWqQHHA==/base.apk): ok
11-05 05:22:24.761  7809  7809 D nativeloader: Load /data/app/~~VQidtQmtKQpl2alC9HrWtA==/com.scratchoracle.app-w8smA7pMVhueqiIHWqQHHA==/base.apk!/lib/x86_64/libreactnative.so using class loader ns clns-9 (caller=/data/app/~~VQidtQmtKQpl2alC9HrWtA==/com.scratchoracle.app-w8smA7pMVhueqiIHWqQHHA==/base.apk): ok
11-05 05:22:24.761  7809  7809 D jni_lib_merge: Entering merged library JNI_OnLoad.
11-05 05:22:24.761  7809  7809 D jni_lib_merge: Preparing 12 pre-merged libs (including stub)
11-05 05:22:24.761  7809  7809 D jni_lib_merge: Preparing to register libfabricjni_so.  onload_func: 0x74d3316b2ba0
11-05 05:22:24.761  7809  7809 D jni_lib_merge: Preparing to register libreact_devsupportjni_so.  onload_func: 0x74d33178e530
11-05 05:22:24.761  7809  7809 D jni_lib_merge: Preparing to register libreact_featureflagsjni_so.  onload_func: 0x74d3317a10a0
11-05 05:22:24.761  7809  7809 D jni_lib_merge: Preparing to register libreact_newarchdefaults_so.  onload_func: 0x74d3317c7fa0
11-05 05:22:24.761  7809  7809 D jni_lib_merge: Preparing to register libreactnativeblob_so.  onload_func: 0x74d33186fa50
11-05 05:22:24.761  7809  7809 D jni_lib_merge: Preparing to register libreactnativejni_so.  onload_func: 0x74d33188a8c0
11-05 05:22:24.761  7809  7809 D jni_lib_merge: Preparing to register libreactnativejni_common_so.  onload_func: 0x74d331891150
11-05 05:22:24.761  7809  7809 D jni_lib_merge: Preparing to register librninstance_so.  onload_func: 0x74d3318af450
11-05 05:22:24.761  7809  7809 D jni_lib_merge: Preparing to register libturbomodulejsijni_so.  onload_func: 0x74d33195ab80
11-05 05:22:24.761  7809  7809 D jni_lib_merge: Preparing to register libuimanagerjni_so.  onload_func: 0x74d331962ab0
11-05 05:22:24.761  7809  7809 D jni_lib_merge: Preparing to register libyoga_so.  onload_func: 0x74d33196a130
11-05 05:22:24.761  7809  7809 D jni_lib_merge: About to register 11 actual methods.
11-05 05:22:24.766  7809  7809 D nativeloader: Load /data/app/~~VQidtQmtKQpl2alC9HrWtA==/com.scratchoracle.app-w8smA7pMVhueqiIHWqQHHA==/base.apk!/lib/x86_64/libreact_codegen_rnscreens.so using class loader ns clns-9 (caller=/data/app/~~VQidtQmtKQpl2alC9HrWtA==/com.scratchoracle.app-w8smA7pMVhueqiIHWqQHHA==/base.apk): ok
11-05 05:22:24.766  7809  7809 D jni_lib_merge: Entering merged library JNI_OnLoad.
11-05 05:22:24.766  7809  7809 D jni_lib_merge: Preparing 12 pre-merged libs (including stub)
11-05 05:22:24.766  7809  7809 D jni_lib_merge: Preparing to register libfabricjni_so.  onload_func: 0x74d3316b2ba0
11-05 05:22:24.766  7809  7809 D jni_lib_merge: Preparing to register libreact_devsupportjni_so.  onload_func: 0x74d33178e530
11-05 05:22:24.766  7809  7809 D jni_lib_merge: Preparing to register libreact_featureflagsjni_so.  onload_func: 0x74d3317a10a0
11-05 05:22:24.766  7809  7809 D jni_lib_merge: Preparing to register libreact_newarchdefaults_so.  onload_func: 0x74d3317c7fa0
11-05 05:22:24.766  7809  7809 D jni_lib_merge: Preparing to register libreactnativeblob_so.  onload_func: 0x74d33186fa50
11-05 05:22:24.766  7809  7809 D jni_lib_merge: Preparing to register libreactnativejni_so.  onload_func: 0x74d33188a8c0
11-05 05:22:24.766  7809  7809 D jni_lib_merge: Preparing to register libreactnativejni_common_so.  onload_func: 0x74d331891150
11-05 05:22:24.766  7809  7809 D jni_lib_merge: Preparing to register librninstance_so.  onload_func: 0x74d3318af450
11-05 05:22:24.766  7809  7809 D jni_lib_merge: Preparing to register libturbomodulejsijni_so.  onload_func: 0x74d33195ab80
11-05 05:22:24.766  7809  7809 D jni_lib_merge: Preparing to register libuimanagerjni_so.  onload_func: 0x74d331962ab0
11-05 05:22:24.766  7809  7809 D jni_lib_merge: Preparing to register libyoga_so.  onload_func: 0x74d33196a130
11-05 05:22:24.766  7809  7809 D jni_lib_merge: About to register 11 actual methods.
11-05 05:22:24.769  7809  7809 D nativeloader: Load /data/app/~~VQidtQmtKQpl2alC9HrWtA==/com.scratchoracle.app-w8smA7pMVhueqiIHWqQHHA==/base.apk!/lib/x86_64/libreact_codegen_safeareacontext.so using class loader ns clns-9 (caller=/data/app/~~VQidtQmtKQpl2alC9HrWtA==/com.scratchoracle.app-w8smA7pMVhueqiIHWqQHHA==/base.apk): ok
11-05 05:22:24.771  7809  7809 D nativeloader: Load /data/app/~~VQidtQmtKQpl2alC9HrWtA==/com.scratchoracle.app-w8smA7pMVhueqiIHWqQHHA==/base.apk!/lib/x86_64/libappmodules.so using class loader ns clns-9 (caller=/data/app/~~VQidtQmtKQpl2alC9HrWtA==/com.scratchoracle.app-w8smA7pMVhueqiIHWqQHHA==/base.apk): ok
11-05 05:22:24.782   834  1092 D BackgroundInstallControlService: Package event received: 0
11-05 05:22:24.783   834  1092 D BackgroundInstallControlService: Package event received: 0
11-05 05:22:24.789  7809  7830 I DisplayManager: Choreographer implicitly registered for the refresh rate.
11-05 05:22:24.823  7809  7809 D DesktopExperienceFlags: Toggle override initialized to: false
11-05 05:22:24.828  7809  7809 D AppCompatDelegate: Checking for metadata for AppLocalesMetadataHolderService : Service not found
11-05 05:22:24.862  1149  1211 V WindowManagerShell: Transition animation finished (aborted=false), notifying core (#14) android.os.BinderProxy@88f95f8@0
11-05 05:22:24.867   834   865 V WindowManager: Finish Transition (#14): created at 11-05 05:22:24.215 collect-started=2.375ms request-sent=52.13ms started=100.321ms ready=290.936ms sent=295.612ms commit=48.636ms finished=651.784ms
11-05 05:22:24.870  1326  1326 D VRI[NexusLauncherActivity]: visibilityChanged oldVisibility=true newVisibility=false
11-05 05:22:24.873  1149  1211 V WindowManagerShell: Track 0 became idle
11-05 05:22:24.874  1149  1211 V WindowManagerShell: All active transition animations finished
11-05 05:22:24.877  1149  1437 D WallpaperService: onVisibilityChanged(false): com.android.systemui.wallpapers.ImageWallpaper$CanvasEngine@b8f5b73
11-05 05:22:24.880  1326  1326 D NexusLauncherModelDelegate: notifySmartspaceEvent: SmartspaceTargetEvent{mSmartspaceTarget=null, mSmartspaceActionId='null', mEventType=7}
11-05 05:22:24.885  7809  7830 I GFXSTREAM: [eglDisplay.cpp(297)] Opening libGLESv1_CM_emulation.so
11-05 05:22:24.885  7809  7830 I GFXSTREAM: [eglDisplay.cpp(297)] Opening libGLESv2_emulation.so
11-05 05:22:24.895  7809  7830 W HWUI    : Failed to choose config with EGL_SWAP_BEHAVIOR_PRESERVED, retrying without...
11-05 05:22:24.895  7809  7830 W HWUI    : Failed to initialize 101010-2 format, error = EGL_SUCCESS
11-05 05:22:24.915  7809  7809 W unknown:BridgelessReact: ReactHost{0}.startSurface(surfaceId = 0): Schedule
11-05 05:22:24.916  7809  7809 W unknown:BridgelessReact: ReactHost{0}.attachSurface(surfaceId = 0)
11-05 05:22:24.919  7809  7835 W unknown:BridgelessReact: ReactHost{0}.getOrCreateReactInstanceTask()
11-05 05:22:24.919  7809  7835 W unknown:BridgelessReact: ReactHost{0}.getOrCreateReactInstanceTask(): Start
11-05 05:22:24.919  7809  7835 W unknown:BridgelessReact: ReactHost{0}.getJSBundleLoader()
11-05 05:22:24.922  7809  7835 W unknown:BridgelessReact: ReactHost{0}.getOrCreateReactContext(): Creating BridgelessReactContext
11-05 05:22:24.924  7809  7835 W unknown:BridgelessReact: ReactHost{0}.getOrCreateReactInstanceTask(): Creating ReactInstance
11-05 05:22:24.929  7809  7809 D CompatChangeReporter: Compat change id reported: 377864165; UID 10221; state: ENABLED
11-05 05:22:24.929  7809  7809 D DesktopModeFlags: Toggle override initialized to: OVERRIDE_UNSET
11-05 05:22:24.946  7809  7835 D nativeloader: Load /data/app/~~VQidtQmtKQpl2alC9HrWtA==/com.scratchoracle.app-w8smA7pMVhueqiIHWqQHHA==/base.apk!/lib/x86_64/libhermes.so using class loader ns clns-9 (caller=/data/app/~~VQidtQmtKQpl2alC9HrWtA==/com.scratchoracle.app-w8smA7pMVhueqiIHWqQHHA==/base.apk): ok
11-05 05:22:24.953  7809  7809 W WindowOnBackDispatcher: OnBackInvokedCallback is not enabled for the application.
11-05 05:22:24.953  7809  7809 W WindowOnBackDispatcher: Set 'android:enableOnBackInvokedCallback="true"' in the application manifest.
11-05 05:22:24.963  7809  7809 W unknown:BridgelessReact: ReactHost{0}.onHostResume(activity)
11-05 05:22:24.963  7809  7809 W unknown:BridgelessReact: ReactContext.onHostResume()
11-05 05:22:24.978  7809  7835 D nativeloader: Load /data/app/~~VQidtQmtKQpl2alC9HrWtA==/com.scratchoracle.app-w8smA7pMVhueqiIHWqQHHA==/base.apk!/lib/x86_64/libhermestooling.so using class loader ns clns-9 (caller=/data/app/~~VQidtQmtKQpl2alC9HrWtA==/com.scratchoracle.app-w8smA7pMVhueqiIHWqQHHA==/base.apk): ok
11-05 05:22:24.979  7809  7835 D jni_lib_merge: Entering merged library JNI_OnLoad.
11-05 05:22:24.979  7809  7835 D jni_lib_merge: Preparing 4 pre-merged libs (including stub)
11-05 05:22:24.979  7809  7835 D jni_lib_merge: Preparing to register libhermes_executor_so.  onload_func: 0x74d32f15e730
11-05 05:22:24.979  7809  7835 D jni_lib_merge: Preparing to register libhermesinstancejni_so.  onload_func: 0x74d32f165db0
11-05 05:22:24.979  7809  7835 D jni_lib_merge: Preparing to register libjsijniprofiler_so.  onload_func: 0x74d32f166540
11-05 05:22:24.979  7809  7835 D jni_lib_merge: About to register 3 actual methods.
11-05 05:22:24.993  7809  7809 W HWUI    : Unknown dataspace 0
11-05 05:22:25.024  7809  7809 D VRI[MainActivity]: WindowInsets changed: 1080x2400 statusBars:[0,69,0,0] navigationBars:[0,0,0,138] mandatorySystemGestures:[0,69,0,138] 
11-05 05:22:25.028  7809  7809 D WindowOnBackDispatcher: setTopOnBackInvokedCallback (unwrapped): android.view.ViewRootImpl$$ExternalSyntheticLambda12@2a3835a
11-05 05:22:25.029   834  1928 D CoreBackPreview: Window{396fbca u0 com.scratchoracle.app/com.scratchoracle.app.MainActivity}: Setting back callback OnBackInvokedCallbackInfo{mCallback=android.window.IOnBackInvokedCallback$Stub$Proxy@34e85b1, mPriority=0, mIsAnimationCallback=false, mOverrideBehavior=0}
11-05 05:22:25.073   834  1031 I HalDevMgr: bestIfaceCreationProposal is null, requestIface=STA, existingIface=[name=wlan0 type=STA]
11-05 05:22:25.089  7809  7835 I ExpoModulesCore: ✅ AppContext was initialized
11-05 05:22:25.106  7809  7835 W unknown:BridgelessReact: ReactHost{0}.getOrCreateReactInstanceTask(): Loading JS Bundle
11-05 05:22:25.107  7809  7835 W unknown:BridgelessReact: ReactHost{0}.getOrCreateReactInstanceTask(): Calling DevSupportManagerBase.onNewReactContextCreated(reactContext)
11-05 05:22:25.109  7809  7835 W unknown:BridgelessReact: ReactHost{0}.startSurface(surfaceId = 0): Execute
11-05 05:22:25.127  7809  7836 D nativeloader: Load /data/app/~~VQidtQmtKQpl2alC9HrWtA==/com.scratchoracle.app-w8smA7pMVhueqiIHWqQHHA==/base.apk!/lib/x86_64/libexpo-modules-core.so using class loader ns clns-9 (caller=/data/app/~~VQidtQmtKQpl2alC9HrWtA==/com.scratchoracle.app-w8smA7pMVhueqiIHWqQHHA==/base.apk): ok
11-05 05:22:25.166  7809  7836 W unknown:ViewManagerPropertyUpdater: Could not find generated setter for class com.rnmaps.maps.MapUrlTileManager
11-05 05:22:25.170  7809  7836 W unknown:ViewManagerPropertyUpdater: Could not find generated setter for class com.facebook.react.uimanager.LayoutShadowNode
11-05 05:22:25.172  7809  7836 W unknown:ViewManagerPropertyUpdater: Could not find generated setter for class com.swmansion.rnscreens.ScreenFooterManager
11-05 05:22:25.175  7809  7836 W unknown:ViewManagerPropertyUpdater: Could not find generated setter for class com.swmansion.rnscreens.gamma.tabs.TabScreenViewManager
11-05 05:22:25.176  7809  7836 W unknown:ViewManagerPropertyUpdater: Could not find generated setter for class com.rnmaps.maps.MapManager
11-05 05:22:25.178  7809  7836 W unknown:ViewManagerPropertyUpdater: Could not find generated setter for class com.swmansion.rnscreens.ScreenContainerViewManager
11-05 05:22:25.179  7809  7836 W unknown:ViewManagerPropertyUpdater: Could not find generated setter for class com.swmansion.rnscreens.gamma.tabs.TabsHostViewManager
11-05 05:22:25.181  7809  7836 W unknown:ViewManagerPropertyUpdater: Could not find generated setter for class com.rnmaps.maps.MapMarkerManager
11-05 05:22:25.183  7809  7836 W unknown:ViewManagerPropertyUpdater: Could not find generated setter for class com.rnmaps.maps.MapLocalTileManager
11-05 05:22:25.184  7809  7836 W unknown:ViewManagerPropertyUpdater: Could not find generated setter for class com.swmansion.rnscreens.ModalScreenViewManager
11-05 05:22:25.186  7809  7836 W unknown:ViewManagerPropertyUpdater: Could not find generated setter for class com.rnmaps.maps.MapPolylineManager
11-05 05:22:25.187  7809  7836 W unknown:ViewManagerPropertyUpdater: Could not find generated setter for class com.rnmaps.maps.MapCircleManager
11-05 05:22:25.189  7809  7836 W unknown:ViewManagerPropertyUpdater: Could not find generated setter for class com.th3rdwave.safeareacontext.SafeAreaViewManager
11-05 05:22:25.191  7809  7836 W unknown:ViewManagerPropertyUpdater: Could not find generated setter for class com.th3rdwave.safeareacontext.SafeAreaViewShadowNode
11-05 05:22:25.192  7809  7836 W unknown:ViewManagerPropertyUpdater: Could not find generated setter for class com.swmansion.rnscreens.safearea.SafeAreaViewManager
11-05 05:22:25.194  7809  7836 W unknown:ViewManagerPropertyUpdater: Could not find generated setter for class com.swmansion.rnscreens.safearea.paper.SafeAreaViewShadowNode
11-05 05:22:25.195  7809  7836 W unknown:ViewManagerPropertyUpdater: Could not find generated setter for class com.swmansion.rnscreens.ScreenViewManager
11-05 05:22:25.195  7809  7836 W unknown:ViewManagerPropertyUpdater: Could not find generated setter for class com.swmansion.rnscreens.ScreenStackViewManager
11-05 05:22:25.196  7809  7836 W unknown:ViewManagerPropertyUpdater: Could not find generated setter for class com.rnmaps.maps.MapCalloutManager
11-05 05:22:25.197  7809  7836 W unknown:ViewManagerPropertyUpdater: Could not find generated setter for class com.th3rdwave.safeareacontext.SafeAreaProviderManager
11-05 05:22:25.198  7809  7836 W unknown:ViewManagerPropertyUpdater: Could not find generated setter for class com.swmansion.rnscreens.SearchBarManager
11-05 05:22:25.199  7809  7836 W unknown:ViewManagerPropertyUpdater: Could not find generated setter for class com.rnmaps.maps.MapGradientPolylineManager
11-05 05:22:25.200  7809  7836 W unknown:ViewManagerPropertyUpdater: Could not find generated setter for class com.rnmaps.maps.MapHeatmapManager
11-05 05:22:25.202  7809  7836 W unknown:ViewManagerPropertyUpdater: Could not find generated setter for class com.rnmaps.maps.MapWMSTileManager
11-05 05:22:25.204  7809  7836 W unknown:ViewManagerPropertyUpdater: Could not find generated setter for class com.swmansion.rnscreens.ScreenStackHeaderConfigViewManager
11-05 05:22:25.204  7809  7836 W unknown:ViewManagerPropertyUpdater: Could not find generated setter for class com.swmansion.rnscreens.ScreenContentWrapperManager
11-05 05:22:25.205  7809  7836 W unknown:ViewManagerPropertyUpdater: Could not find generated setter for class com.rnmaps.maps.MapPolygonManager
11-05 05:22:25.206  7809  7836 W unknown:ViewManagerPropertyUpdater: Could not find generated setter for class com.swmansion.rnscreens.ScreenStackHeaderSubviewManager
11-05 05:22:25.207  7809  7836 W unknown:ViewManagerPropertyUpdater: Could not find generated setter for class com.rnmaps.maps.MapOverlayManager
11-05 05:22:25.216   834   865 I ActivityTaskManager: Displayed com.scratchoracle.app/.MainActivity for user 0: +1s41ms
11-05 05:22:25.222  7809  7809 W unknown:BridgelessReact: ReactContext.onHostResume()
11-05 05:22:25.222  7809  7809 W unknown:BridgelessReact: ReactHost{0}.getOrCreateReactInstanceTask(): Executing ReactInstanceEventListeners
11-05 05:22:25.224  7809  7836 W unknown:ViewManagerPropertyUpdater: Could not find generated setter for class com.facebook.react.views.safeareaview.ReactSafeAreaViewManager
11-05 05:22:25.225  7809  7836 W unknown:ViewManagerPropertyUpdater: Could not find generated setter for class com.facebook.react.views.safeareaview.ReactSafeAreaViewShadowNode
11-05 05:22:25.226  7809  7836 W unknown:ViewManagerPropertyUpdater: Could not find generated setter for class com.facebook.react.views.modal.ReactModalHostManager
11-05 05:22:25.227  1326  1326 D BaseActivity: Launcher flags updated: [] -[state_started]
11-05 05:22:25.227  1326  1326 D BaseDepthController: setSurface:
11-05 05:22:25.227  1326  1326 D BaseDepthController: 	mWaitingOnSurfaceValidity: false
11-05 05:22:25.227  1326  1326 D BaseDepthController: 	mBaseSurface: null
11-05 05:22:25.227  1326  1326 D BaseDepthController: mSurface is null and mCurrentBlur is: 0
11-05 05:22:25.227  7809  7836 W unknown:ViewManagerPropertyUpdater: Could not find generated setter for class com.facebook.react.views.text.frescosupport.FrescoBasedReactTextInlineImageViewManager
11-05 05:22:25.228  7809  7836 W unknown:ViewManagerPropertyUpdater: Could not find generated setter for class com.facebook.react.views.text.frescosupport.FrescoBasedReactTextInlineImageShadowNode
11-05 05:22:25.229  7809  7836 W unknown:ViewManagerPropertyUpdater: Could not find generated setter for class com.facebook.react.views.progressbar.ReactProgressBarViewManager
11-05 05:22:25.229  7809  7836 W unknown:ViewManagerPropertyUpdater: Could not find generated setter for class com.facebook.react.views.progressbar.ProgressBarShadowNode
11-05 05:22:25.230  7809  7836 W unknown:ViewManagerPropertyUpdater: Could not find generated setter for class com.facebook.react.views.scroll.ReactHorizontalScrollViewManager
11-05 05:22:25.235  7809  7836 W unknown:ViewManagerPropertyUpdater: Could not find generated setter for class com.facebook.react.views.image.ReactImageManager
11-05 05:22:25.237  7809  7836 W unknown:ViewManagerPropertyUpdater: Could not find generated setter for class com.facebook.react.views.text.ReactTextViewManager
11-05 05:22:25.237  1326  1326 D LauncherStateManager: StateManager.goToState: fromState: Normal, toState: Normal, partial trace:
11-05 05:22:25.237  1326  1326 D LauncherStateManager: 	at com.android.launcher3.statemanager.StateManager.moveToRestState(go/retraceme 7101499b44b219b757f6885b35ae099b24fc769225595efcaaacae5b0f94500b:6)
11-05 05:22:25.237  1326  1326 D LauncherStateManager: 	at com.android.launcher3.statemanager.StateManager.moveToRestState(go/retraceme 7101499b44b219b757f6885b35ae099b24fc769225595efcaaacae5b0f94500b:2)
11-05 05:22:25.237  1326  1326 D LauncherStateManager: 	at com.android.launcher3.statemanager.StatefulActivity.onStop(go/retraceme 7101499b44b219b757f6885b35ae099b24fc769225595efcaaacae5b0f94500b:32)
11-05 05:22:25.237  1326  1326 D LauncherStateManager: StateManager.onRepeatStateSetAborted: state: Normal
11-05 05:22:25.239  1326  1326 D ActivityContext: hideKeyboard
11-05 05:22:25.239  1326  1326 D ActivityContext: isImeShown: false
11-05 05:22:25.239  7809  7836 W unknown:ViewManagerPropertyUpdater: Could not find generated setter for class com.facebook.react.views.text.ReactTextShadowNode
11-05 05:22:25.240  1326  1326 D StatsLog: LAUNCHER_ONSTOP
11-05 05:22:25.241  7809  7836 W unknown:ViewManagerPropertyUpdater: Could not find generated setter for class com.facebook.react.views.scroll.ReactHorizontalScrollContainerViewManager
11-05 05:22:25.243  7809  7836 W unknown:ViewManagerPropertyUpdater: Could not find generated setter for class com.facebook.react.views.unimplementedview.ReactUnimplementedViewManager
11-05 05:22:25.246  7809  7836 W unknown:ViewManagerPropertyUpdater: Could not find generated setter for class com.facebook.react.views.scroll.ReactScrollViewManager
11-05 05:22:25.247  1326  1326 D StatsLog: LAUNCHER_GOOGLE_SEARCH_RESTORE_LIST_SIZE_AFTER_ACTIVITY_RESTART
11-05 05:22:25.255  7809  7836 W unknown:ViewManagerPropertyUpdater: Could not find generated setter for class com.facebook.react.views.view.ReactViewManager
11-05 05:22:25.256   834   989 I ImeTracker: com.scratchoracle.app:165de8f5: onRequestHide at ORIGIN_SERVER reason HIDE_UNSPECIFIED_WINDOW fromUser false
11-05 05:22:25.258  7809  7836 W unknown:ViewManagerPropertyUpdater: Could not find generated setter for class com.facebook.react.views.drawer.ReactDrawerLayoutManager
11-05 05:22:25.259  7809  7809 D InsetsController: hide(ime())
11-05 05:22:25.261  7809  7809 I ImeTracker: com.scratchoracle.app:165de8f5: onCancelled at PHASE_CLIENT_ALREADY_HIDDEN
11-05 05:22:25.270   834  1092 D BackgroundInstallControlService: Package event received: 0
11-05 05:22:25.275  7809  7836 W unknown:ViewManagerPropertyUpdater: Could not find generated setter for class com.facebook.react.views.switchview.ReactSwitchManager
11-05 05:22:25.277  7809  7836 W unknown:ViewManagerPropertyUpdater: Could not find generated setter for class com.facebook.react.views.switchview.ReactSwitchShadowNode
11-05 05:22:25.278  7809  7836 W unknown:ViewManagerPropertyUpdater: Could not find generated setter for class com.facebook.react.views.text.ReactVirtualTextViewManager
11-05 05:22:25.279  7809  7836 W unknown:ViewManagerPropertyUpdater: Could not find generated setter for class com.facebook.react.views.text.ReactVirtualTextShadowNode
11-05 05:22:25.280  7809  7836 W unknown:ViewManagerPropertyUpdater: Could not find generated setter for class com.facebook.react.views.swiperefresh.SwipeRefreshLayoutManager
11-05 05:22:25.283  7809  7836 W unknown:ViewManagerPropertyUpdater: Could not find generated setter for class com.facebook.react.views.text.ReactRawTextManager
11-05 05:22:25.283  7809  7836 W unknown:ViewManagerPropertyUpdater: Could not find generated setter for class com.facebook.react.views.text.ReactRawTextShadowNode
11-05 05:22:25.285   834  1312 I ImeTracker: system_server:6a688c7: onRequestHide at ORIGIN_SERVER reason IME_REQUESTED_CHANGED_LISTENER fromUser false
11-05 05:22:25.286  7809  7836 W unknown:ViewManagerPropertyUpdater: Could not find generated setter for class com.facebook.react.views.textinput.ReactTextInputManager
11-05 05:22:25.287  1595  1595 I GoogleInputMethodService: GoogleInputMethodService.onFinishInput():2057 
11-05 05:22:25.288  7809  7836 W unknown:ViewManagerPropertyUpdater: Could not find generated setter for class com.facebook.react.views.textinput.ReactTextInputShadowNode
11-05 05:22:25.292   834   868 I ImeTracker: system_server:6a688c7: onCancelled at PHASE_SERVER_SHOULD_HIDE
11-05 05:22:25.293  7809  7836 W BridgelessReactContext: [WARNING] Bridgeless doesn't support CatalystInstance. Accessing an API that's not part of the new architecture is not encouraged usage.
11-05 05:22:25.306  7809  7836 I ExpoModulesCore: ✅ JSI interop was installed
11-05 05:22:25.311  7809  7836 I ExpoModulesCore: ✅ Constants were exported
11-05 05:22:25.326  1595  1595 I Module  : DeviceLockedStatusModuleProvider$Module.updateDeviceLockedStatus():100 repeatCheckTimes = 0, locked = false
11-05 05:22:25.344  7809  7836 I ReactNativeJS: '[Supabase] Environment check:', { hasExpoConfig: true,
11-05 05:22:25.344  7809  7836 I ReactNativeJS:   hasExtra: true,
11-05 05:22:25.344  7809  7836 I ReactNativeJS:   hasUrl: true,
11-05 05:22:25.344  7809  7836 I ReactNativeJS:   hasKey: true,
11-05 05:22:25.344  7809  7836 I ReactNativeJS:   url: 'https://wqealxmdjpwj...' }
11-05 05:22:25.351  1595  1595 I GoogleInputMethodService: GoogleInputMethodService.onStartInput():1318 onStartInput(EditorInfo{EditorInfo{packageName=com.scratchoracle.app, inputType=0, inputTypeString=NULL, enableLearning=false, autoCorrection=false, autoComplete=false, imeOptions=0, privateImeOptions=null, actionName=UNSPECIFIED, actionLabel=null, initialSelStart=-1, initialSelEnd=-1, initialCapsMode=0, label=null, fieldId=0, fieldName=null, extras=null, hintText=null, hintLocales=[]}}, false)
11-05 05:22:25.353   834  2100 D ConnectivityService: requestNetwork for uid/pid:10221/7809 activeRequest: null callbackRequest: 297 [NetworkRequest [ REQUEST id=298, [ Capabilities: INTERNET&NOT_RESTRICTED&TRUSTED&NOT_VCN_MANAGED&NOT_BANDWIDTH_CONSTRAINED Uid: 10221 RequestorUid: 10221 RequestorPkg: com.scratchoracle.app UnderlyingNetworks: Null] ]] callback flags: 0 order: 2147483647 isUidTracked: false declaredMethods: AVAIL|LOSING|LOST|UNAVAIL|NC|LP
11-05 05:22:25.359  7809  7836 I ReactNativeJS: Running "main"
11-05 05:22:25.366   834  1038 D ConnectivityService: NetReassign [298 : null → 101] [c 3] [a 3] [i 5]
11-05 05:22:25.367   834  1031 D WifiNetworkFactory: got request NetworkRequest [ REQUEST id=298, [ Capabilities: INTERNET&NOT_RESTRICTED&TRUSTED&NOT_VCN_MANAGED&NOT_BANDWIDTH_CONSTRAINED Uid: 10221 RequestorUid: 10221 RequestorPkg: com.scratchoracle.app UnderlyingNetworks: Null] ]
11-05 05:22:25.368   834  1031 D UntrustedWifiNetworkFactory: got request NetworkRequest [ REQUEST id=298, [ Capabilities: INTERNET&NOT_RESTRICTED&TRUSTED&NOT_VCN_MANAGED&NOT_BANDWIDTH_CONSTRAINED Uid: 10221 RequestorUid: 10221 RequestorPkg: com.scratchoracle.app UnderlyingNetworks: Null] ]
11-05 05:22:25.371   834  1031 D OemPaidWifiNetworkFactory: got request NetworkRequest [ REQUEST id=298, [ Capabilities: INTERNET&NOT_RESTRICTED&TRUSTED&NOT_VCN_MANAGED&NOT_BANDWIDTH_CONSTRAINED Uid: 10221 RequestorUid: 10221 RequestorPkg: com.scratchoracle.app UnderlyingNetworks: Null] ]
11-05 05:22:25.371   834  1031 D MultiInternetWifiNetworkFactory: got request NetworkRequest [ REQUEST id=298, [ Capabilities: INTERNET&NOT_RESTRICTED&TRUSTED&NOT_VCN_MANAGED&NOT_BANDWIDTH_CONSTRAINED Uid: 10221 RequestorUid: 10221 RequestorPkg: com.scratchoracle.app UnderlyingNetworks: Null] ]
11-05 05:22:25.377  1595  1595 I Module  : DeviceLockedStatusModuleProvider$Module.updateDeviceLockedStatus():100 repeatCheckTimes = 1, locked = false
11-05 05:22:25.397   834  2100 W PackageConfigPersister: App-specific configuration not found for packageName: com.scratchoracle.app and userId: 0
11-05 05:22:25.411  7809  7836 I HWUI    : Using FreeType backend (prop=Auto)
11-05 05:22:25.431  4739  4845 D SatelliteController: iisInCarrierRoamingNbIotNtn: satellite is disabled
11-05 05:22:25.435  4739  4845 D SatelliteController: getCarrierRoamingNtnConnectType: Falling back to global carrier config connect type: 0
11-05 05:22:25.448  7809  7836 E ReactNativeJS: { [TypeError: undefined is not a function]
