11-05 05:22:25.448  7809  7836 E ReactNativeJS:   componentStack: '\n    at AppContent (address at index.android.bundle:1:780432)\n    at QueryClientProvider (address at index.android.bundle:1:857331)\n    at RNCSafeAreaProvider (<anonymous>)\n    at SafeAreaProvider (address at index.android.bundle:1:786837)\n    at App (<anonymous>)\n    at RCTView (<anonymous>)\n    at View (address at index.android.bundle:1:199777)\n    at AppContainer (address at index.android.bundle:1:439561)',
11-05 05:22:25.448  7809  7836 E ReactNativeJS:   isComponentError: true }
11-05 05:22:25.449  7809  7836 I ReactNativeJS: '[FeatureFlags] Using defaults:', { useSupabaseData: false,
11-05 05:22:25.449  7809  7836 I ReactNativeJS:   enableAIScores: false,
11-05 05:22:25.449  7809  7836 I ReactNativeJS:   enableOfflineMode: true,
11-05 05:22:25.449  7809  7836 I ReactNativeJS:   enablePredictionCache: true }
11-05 05:22:25.449  7809  7836 I ReactNativeJS: '[App] Feature flags initialized:', 'Using MOCK data for testing'
11-05 05:22:25.481  7809  7837 W unknown:BridgelessReact: ReactHost{0}.handleHostException(message = "TypeError: undefined is not a function
11-05 05:22:25.481  7809  7837 W unknown:BridgelessReact: 
11-05 05:22:25.481  7809  7837 W unknown:BridgelessReact: This error is located at:
11-05 05:22:25.481  7809  7837 W unknown:BridgelessReact:     at AppContent (address at index.android.bundle:1:780432)
11-05 05:22:25.481  7809  7837 W unknown:BridgelessReact:     at QueryClientProvider (address at index.android.bundle:1:857331)
11-05 05:22:25.481  7809  7837 W unknown:BridgelessReact:     at RNCSafeAreaProvider (<anonymous>)
11-05 05:22:25.481  7809  7837 W unknown:BridgelessReact:     at SafeAreaProvider (address at index.android.bundle:1:786837)
11-05 05:22:25.481  7809  7837 W unknown:BridgelessReact:     at App (<anonymous>)
11-05 05:22:25.481  7809  7837 W unknown:BridgelessReact:     at RCTView (<anonymous>)
11-05 05:22:25.481  7809  7837 W unknown:BridgelessReact:     at View (address at index.android.bundle:1:199777)
11-05 05:22:25.481  7809  7837 W unknown:BridgelessReact:     at AppContainer (address at index.android.bundle:1:439561), stack:
11-05 05:22:25.481  7809  7837 W unknown:BridgelessReact: anonymous@1:781755
11-05 05:22:25.481  7809  7837 W unknown:BridgelessReact: commitHookEffectListMount@1:321887
11-05 05:22:25.481  7809  7837 W unknown:BridgelessReact: commitPassiveMountOnFiber@1:328371
11-05 05:22:25.481  7809  7837 W unknown:BridgelessReact: recursivelyTraversePassiveMountEffects@1:327485
11-05 05:22:25.481  7809  7837 W unknown:BridgelessReact: commitPassiveMountOnFiber@1:328401
11-05 05:22:25.481  7809  7837 W unknown:BridgelessReact: recursivelyTraversePassiveMountEffects@1:327485
11-05 05:22:25.481  7809  7837 W unknown:BridgelessReact: commitPassiveMountOnFiber@1:328343
11-05 05:22:25.481  7809  7837 W unknown:BridgelessReact: recursivelyTraversePassiveMountEffects@1:327485
11-05 05:22:25.481  7809  7837 W unknown:BridgelessReact: commitPassiveMountOnFiber@1:328401
11-05 05:22:25.481  7809  7837 W unknown:BridgelessReact: recursivelyTraversePassiveMountEffects@1:327485
11-05 05:22:25.481  7809  7837 W unknown:BridgelessReact: commitPassiveMountOnFiber@1:328401
11-05 05:22:25.481  7809  7837 W unknown:BridgelessReact: recursivelyTraversePassiveMountEffects@1:327485
11-05 05:22:25.481  7809  7837 W unknown:BridgelessReact: commitPassiveMountOnFiber@1:328401
11-05 05:22:25.481  7809  7837 W unknown:BridgelessReact: recursivelyTraversePassiveMountEffects@1:327485
11-05 05:22:25.481  7809  7837 W unknown:BridgelessReact: commitPassiveMountOnFiber@1:328343
11-05 05:22:25.481  7809  7837 W unknown:BridgelessReact: recursivelyTraversePassiveMountEffects@1:327485
11-05 05:22:25.481  7809  7837 W unknown:BridgelessReact: commitPassiveMountOnFiber@1:328343
11-05 05:22:25.481  7809  7837 W unknown:BridgelessReact: recursivelyTraversePassiveMountEffects@1:327485
11-05 05:22:25.481  7809  7837 W unknown:BridgelessReact: commitPassiveMountOnFiber@1:328401
11-05 05:22:25.481  7809  7837 W unknown:BridgelessReact: recursivelyTraversePassiveMountEffects@1:327485
11-05 05:22:25.481  7809  7837 W unknown:BridgelessReact: commitPassiveMountOnFiber@1:328343
11-05 05:22:25.481  7809  7837 W unknown:BridgelessReact: recursivelyTraversePassiveMountEffects@1:327485
11-05 05:22:25.481  7809  7837 W unknown:BridgelessReact: commitPassiveMountOnFiber@1:328401
11-05 05:22:25.481  7809  7837 W unknown:BridgelessReact: recursivelyTraversePassiveMountEffects@1:327485
11-05 05:22:25.481  7809  7837 W unknown:BridgelessReact: commitPassiveMountOnFiber@1:328343
11-05 05:22:25.481  7809  7837 W unknown:BridgelessReact: recursivelyTraversePassiveMountEffects@1:327485
11-05 05:22:25.481  7809  7837 W unknown:BridgelessReact: commitPassiveMountOnFiber@1:328401
11-05 05:22:25.481  7809  7837 W unknown:BridgelessReact: recursivelyTraversePassiveMountEffects@1:327485
11-05 05:22:25.481  7809  7837 W unknown:BridgelessReact: commitPassiveMountOnFiber@1:328171
11-05 05:22:25.481  7809  7837 W unknown:BridgelessReact: flushPassiveEffects@1:337638
11-05 05:22:25.481  7809  7837 W unknown:BridgelessReact: anonymous@1:336315
11-05 05:22:25.481  7809  7837 W unknown:BridgelessReact: ")
--------- beginning of crash
11-05 05:22:25.482  7809  7837 E AndroidRuntime: FATAL EXCEPTION: mqt_v_native
11-05 05:22:25.482  7809  7837 E AndroidRuntime: Process: com.scratchoracle.app, PID: 7809
11-05 05:22:25.482  7809  7837 E AndroidRuntime: com.facebook.react.common.JavascriptException: TypeError: undefined is not a function
11-05 05:22:25.482  7809  7837 E AndroidRuntime: 
11-05 05:22:25.482  7809  7837 E AndroidRuntime: This error is located at:
11-05 05:22:25.482  7809  7837 E AndroidRuntime:     at AppContent (address at index.android.bundle:1:780432)
11-05 05:22:25.482  7809  7837 E AndroidRuntime:     at QueryClientProvider (address at index.android.bundle:1:857331)
11-05 05:22:25.482  7809  7837 E AndroidRuntime:     at RNCSafeAreaProvider (<anonymous>)
11-05 05:22:25.482  7809  7837 E AndroidRuntime:     at SafeAreaProvider (address at index.android.bundle:1:786837)
11-05 05:22:25.482  7809  7837 E AndroidRuntime:     at App (<anonymous>)
11-05 05:22:25.482  7809  7837 E AndroidRuntime:     at RCTView (<anonymous>)
11-05 05:22:25.482  7809  7837 E AndroidRuntime:     at View (address at index.android.bundle:1:199777)
11-05 05:22:25.482  7809  7837 E AndroidRuntime:     at AppContainer (address at index.android.bundle:1:439561), stack:
11-05 05:22:25.482  7809  7837 E AndroidRuntime: anonymous@1:781755
11-05 05:22:25.482  7809  7837 E AndroidRuntime: commitHookEffectListMount@1:321887
11-05 05:22:25.482  7809  7837 E AndroidRuntime: commitPassiveMountOnFiber@1:328371
11-05 05:22:25.482  7809  7837 E AndroidRuntime: recursivelyTraversePassiveMountEffects@1:327485
11-05 05:22:25.482  7809  7837 E AndroidRuntime: commitPassiveMountOnFiber@1:328401
11-05 05:22:25.482  7809  7837 E AndroidRuntime: recursivelyTraversePassiveMountEffects@1:327485
11-05 05:22:25.482  7809  7837 E AndroidRuntime: commitPassiveMountOnFiber@1:328343
11-05 05:22:25.482  7809  7837 E AndroidRuntime: recursivelyTraversePassiveMountEffects@1:327485
11-05 05:22:25.482  7809  7837 E AndroidRuntime: commitPassiveMountOnFiber@1:328401
11-05 05:22:25.482  7809  7837 E AndroidRuntime: recursivelyTraversePassiveMountEffects@1:327485
11-05 05:22:25.482  7809  7837 E AndroidRuntime: commitPassiveMountOnFiber@1:328401
11-05 05:22:25.482  7809  7837 E AndroidRuntime: recursivelyTraversePassiveMountEffects@1:327485
11-05 05:22:25.482  7809  7837 E AndroidRuntime: commitPassiveMountOnFiber@1:328401
11-05 05:22:25.482  7809  7837 E AndroidRuntime: recursivelyTraversePassiveMountEffects@1:327485
11-05 05:22:25.482  7809  7837 E AndroidRuntime: commitPassiveMountOnFiber@1:328343
11-05 05:22:25.482  7809  7837 E AndroidRuntime: recursivelyTraversePassiveMountEffects@1:327485
11-05 05:22:25.482  7809  7837 E AndroidRuntime: commitPassiveMountOnFiber@1:328343
11-05 05:22:25.482  7809  7837 E AndroidRuntime: recursivelyTraversePassiveMountEffects@1:327485
11-05 05:22:25.482  7809  7837 E AndroidRuntime: commitPassiveMountOnFiber@1:328401
11-05 05:22:25.482  7809  7837 E AndroidRuntime: recursivelyTraversePassiveMountEffects@1:327485
11-05 05:22:25.482  7809  7837 E AndroidRuntime: commitPassiveMountOnFiber@1:328343
11-05 05:22:25.482  7809  7837 E AndroidRuntime: recursivelyTraversePassiveMountEffects@1:327485
11-05 05:22:25.482  7809  7837 E AndroidRuntime: commitPassiveMountOnFiber@1:328401
11-05 05:22:25.482  7809  7837 E AndroidRuntime: recursivelyTraversePassiveMountEffects@1:327485
11-05 05:22:25.482  7809  7837 E AndroidRuntime: commitPassiveMountOnFiber@1:328343
11-05 05:22:25.482  7809  7837 E AndroidRuntime: recursivelyTraversePassiveMountEffects@1:327485
11-05 05:22:25.482  7809  7837 E AndroidRuntime: commitPassiveMountOnFiber@1:328401
11-05 05:22:25.482  7809  7837 E AndroidRuntime: recursivelyTraversePassiveMountEffects@1:327485
11-05 05:22:25.482  7809  7837 E AndroidRuntime: commitPassiveMountOnFiber@1:328171
11-05 05:22:25.482  7809  7837 E AndroidRuntime: flushPassiveEffects@1:337638
11-05 05:22:25.482  7809  7837 E AndroidRuntime: anonymous@1:336315
11-05 05:22:25.482  7809  7837 E AndroidRuntime: 
11-05 05:22:25.482  7809  7837 E AndroidRuntime: 	at com.facebook.react.modules.core.ExceptionsManagerModule.reportException(ExceptionsManagerModule.kt:52)
11-05 05:22:25.482  7809  7837 E AndroidRuntime: 	at com.facebook.jni.NativeRunnable.run(Native Method)
11-05 05:22:25.482  7809  7837 E AndroidRuntime: 	at android.os.Handler.handleCallback(Handler.java:1070)
11-05 05:22:25.482  7809  7837 E AndroidRuntime: 	at android.os.Handler.dispatchMessage(Handler.java:125)
11-05 05:22:25.482  7809  7837 E AndroidRuntime: 	at com.facebook.react.bridge.queue.MessageQueueThreadHandler.dispatchMessage(MessageQueueThreadHandler.kt:21)
11-05 05:22:25.482  7809  7837 E AndroidRuntime: 	at android.os.Looper.dispatchMessage(Looper.java:333)
11-05 05:22:25.482  7809  7837 E AndroidRuntime: 	at android.os.Looper.loopOnce(Looper.java:263)
11-05 05:22:25.482  7809  7837 E AndroidRuntime: 	at android.os.Looper.loop(Looper.java:367)
11-05 05:22:25.482  7809  7837 E AndroidRuntime: 	at com.facebook.react.bridge.queue.MessageQueueThreadImpl$Companion.startNewBackgroundThread$lambda$1(MessageQueueThreadImpl.kt:175)
11-05 05:22:25.482  7809  7837 E AndroidRuntime: 	at com.facebook.react.bridge.queue.MessageQueueThreadImpl$Companion.$r8$lambda$ldnZnqelhYFctGaUKkOKYj5rxo4(Unknown Source:0)
11-05 05:22:25.482  7809  7837 E AndroidRuntime: 	at com.facebook.react.bridge.queue.MessageQueueThreadImpl$Companion$$ExternalSyntheticLambda0.run(D8$$SyntheticClass:0)
11-05 05:22:25.482  7809  7837 E AndroidRuntime: 	at java.lang.Thread.run(Thread.java:1563)
11-05 05:22:25.492   834  7854 I DropBoxManagerService: add tag=data_app_crash isTagEnabled=true flags=0x2
11-05 05:22:25.509   834  1928 W ActivityTaskManager:   Force finishing activity com.scratchoracle.app/.MainActivity
11-05 05:22:25.511   834  1928 W TransitionChain: Combining AR.finish-force-crash into #15(CLOSE|R|0x10) from finishTopCrash
11-05 05:22:25.512  1505  1518 I FontLog : (REDACTED) Received query %s, URI %s
11-05 05:22:25.517  1149  1211 V WindowManagerShell: Transition requested (#15): android.os.BinderProxy@59d6f2b TransitionRequestInfo { type = CLOSE, triggerTask = TaskInfo{userId=0 taskId=43 effectiveUid=10221 displayId=0 isRunning=true baseIntent=Intent { flg=0x10000000 cmp=com.scratchoracle.app/.MainActivity } baseActivity=ComponentInfo{com.scratchoracle.app/com.scratchoracle.app.MainActivity} topActivity=ComponentInfo{com.scratchoracle.app/com.scratchoracle.app.MainActivity} origActivity=null realActivity=ComponentInfo{com.scratchoracle.app/com.scratchoracle.app.MainActivity} numActivities=1 lastActiveTime=13613907 supportsMultiWindow=true resizeMode=1 isResizeable=true minWidth=-1 minHeight=-1 defaultMinSize=220 token=WCT{android.os.BinderProxy@aa49ad1} topActivityType=1 pictureInPictureParams=null shouldDockBigOverlays=false launchIntoPipHostTaskId=-1 lastParentTaskIdBeforePip=-1 displayCutoutSafeInsets=Rect(0, 0 - 0, 0) topActivityInfo=ActivityInfo{2299f88 com.scratchoracle.app.MainActivity} launchCookies=[] positionInParent=Point(0, 0) parentTaskId=-1 isFocused=true isVisible=true isVisibleRequested=true isTopActivityNoDisplay=false isSleeping=false locusId=null displayAreaFeatureId=1 isTopActivityTransparent=false isActivityStackTransparent=false lastNonFullscreenBounds=null capturedLink=null capturedLinkTimestamp=0 requestedVisibleTypes=503 topActivityRequestOpenInBrowserEducationTimestamp=0 appCompatTaskInfo=AppCompatTaskInfo { topActivityInSizeCompat=false isLeafTask= true eligibleForLetterboxEducation= false isLetterboxEducationEnabled= true isLetterboxDoubleTapEnabled= false eligibleForUserAspectRatioButton= false topActivityBoundsLetterboxed= false isFromLetterboxDoubleTap= false topActivityLetterboxVerticalPosition= -1 topActivityLetterboxHorizontalPosition= -1 topActivityLetterboxWidth=-1 topActivityLetterboxHeight=-1 topActivityAppBounds=Rect(0, 0 - 1080, 2400) isUserFullscreenOverrideEnabled=false isSystemFullscreenOverrideEnabled=false hasMinAspectRatioOverride=false topActivityLetterboxBounds=null cameraCompatTaskInfo=CameraCompatTaskInfo { cameraCompatMode=inactive0} topNonResizableActivityAspectRatio=-1.0} topActivityMainWindowFrame=null isAppBubble=false}, pipChange = null, remoteTransition = null, displayChange = null, requestedLocation = null, userChange = null, windowingLayerChange = null, flags = 16, debugId = 15 }
11-05 05:22:25.517  1505  1518 I FontLog : (REDACTED) Query [%s] resolved to %s
11-05 05:22:25.524   834  1928 V WindowManager: Defer transition id=15 for TaskFragmentTransaction=android.os.Binder@74d8a5d
11-05 05:22:25.525   834  1928 V WindowManager: deferTransitionReady deferReadyDepth=1 stack=com.android.server.wm.TransitionController.deferTransitionReady:1061 com.android.server.wm.TaskFragmentOrganizerController$TaskFragmentOrganizerState.dispatchTransaction:517 com.android.server.wm.TaskFragmentOrganizerController.dispatchPendingEvents:1259 com.android.server.wm.TaskFragmentOrganizerController.dispatchPendingEvents:1228 com.android.server.wm.RootWindowContainer.performSurfacePlacement:777 
11-05 05:22:25.534  7809  7837 I Process : Sending signal. PID: 7809 SIG: 9
11-05 05:22:25.540   834  2100 V WindowManager: Continue transition id=15 for TaskFragmentTransaction=android.os.Binder@74d8a5d
11-05 05:22:25.540   834  2100 V WindowManager: continueTransitionReady deferReadyDepth=0 stack=com.android.server.wm.TransitionController.continueTransitionReady:1071 com.android.server.wm.TaskFragmentOrganizerController$TaskFragmentOrganizerState.onTransactionFinished:546 com.android.server.wm.TaskFragmentOrganizerController.onTransactionHandled:740 android.window.ITaskFragmentOrganizerController$Stub.onTransact:225 android.os.Binder.execTransactInternal:1473 
11-05 05:22:25.546  1326  1326 D b/417220811: invalidateLoadedTasks - previous requestLoadId: -1
11-05 05:22:25.566   834   980 W InputDispatcher: channel '396fbca com.scratchoracle.app/com.scratchoracle.app.MainActivity' ~ Consumer closed input channel or an error occurred.  events=0x9
11-05 05:22:25.567   834   980 E InputDispatcher: channel '396fbca com.scratchoracle.app/com.scratchoracle.app.MainActivity' ~ Channel is unrecoverably broken and will be disposed!
11-05 05:22:25.567   834   980 I WindowManager: WINDOW DIED Window{396fbca u0 com.scratchoracle.app/com.scratchoracle.app.MainActivity}
11-05 05:22:25.572   834  1966 I ImeTracker: com.scratchoracle.app:652a80cf: onRequestHide at ORIGIN_SERVER reason HIDE_REMOVE_CLIENT fromUser false
11-05 05:22:25.573   834  1038 D ConnectivityService: releasing NetworkRequest [ REQUEST id=298, [ Capabilities: INTERNET&NOT_RESTRICTED&TRUSTED&NOT_VCN_MANAGED&NOT_BANDWIDTH_CONSTRAINED Uid: 10221 RequestorUid: 10221 RequestorPkg: com.scratchoracle.app UnderlyingNetworks: Null] ] (release request)
11-05 05:22:25.575   834  1961 I WindowManager: WIN DEATH: Window{396fbca u0 com.scratchoracle.app/com.scratchoracle.app.MainActivity EXITING}
11-05 05:22:25.578   834  2100 I ActivityManager: Process com.scratchoracle.app (pid 7809) has died: fg  TOP 
11-05 05:22:25.578   834  1966 I ImeTracker: com.scratchoracle.app:652a80cf: onCancelled at PHASE_SERVER_SHOULD_HIDE
11-05 05:22:25.579   834   868 V WindowManager: Unknown focus tokens, dropping reportFocusChanged
11-05 05:22:25.580   579   579 I Zygote  : Process 7809 exited due to signal 9 (Killed)
11-05 05:22:25.580   834   881 I libprocessgroup: Removed cgroup /sys/fs/cgroup/apps/uid_10221/pid_7809
11-05 05:22:25.591  1505  1518 I FontLog : (REDACTED) Fetch %s end status %s
11-05 05:22:25.601   834  2100 W TransitionChain: Combining appDied into #15(CLOSE|R|0x10) from finishTopCrash
11-05 05:22:25.612   834  1038 D InetDiagMessage: Destroyed 0 sockets, proto=IPPROTO_TCP, family=AF_INET, states=14
11-05 05:22:25.612   834  1038 D InetDiagMessage: Destroyed 0 sockets, proto=IPPROTO_TCP, family=AF_INET6, states=14
11-05 05:22:25.613   834  1038 D InetDiagMessage: Destroyed live tcp sockets for uids={10221} in 7ms
11-05 05:22:25.613   834   868 W ActivityManager: setHasOverlayUi called on unknown pid: 7809
11-05 05:22:25.614   834  1038 D InetDiagMessage: Destroyed 0 sockets, proto=IPPROTO_TCP, family=AF_INET, states=14
11-05 05:22:25.617   834  1038 D InetDiagMessage: Destroyed 0 sockets, proto=IPPROTO_TCP, family=AF_INET6, states=14
11-05 05:22:25.617   834  1038 D InetDiagMessage: Destroyed live tcp sockets for uids={20221} in 3ms
11-05 05:22:25.617  1326  1326 D ViewRootImpl: Skipping stats log for color mode
11-05 05:22:25.618   834  1092 D BackgroundInstallControlService: Package event received: 0
11-05 05:22:25.618   834  1092 D BackgroundInstallControlService: Package event received: 0
11-05 05:22:25.618  1326  1326 D BaseActivity: Launcher flags updated: [state_started] +[state_started]
11-05 05:22:25.618   834  1092 D BackgroundInstallControlService: Package event received: 0
11-05 05:22:25.619  1326  1326 D BaseActivity: Launcher flags updated: [state_started|state_resumed|state_user_active] +[state_resumed|state_user_active]
11-05 05:22:25.623  1326  1326 D BaseActivity: Launcher flags updated: [state_started|state_resumed|state_deferred_resumed|state_user_active] +[state_deferred_resumed]
11-05 05:22:25.624  1326  1326 D StatsLog: LAUNCHER_ONRESUME
11-05 05:22:25.627  1326  1326 D NexusLauncherModelDelegate: notifySmartspaceEvent: SmartspaceTargetEvent{mSmartspaceTarget=null, mSmartspaceActionId='null', mEventType=6}
11-05 05:22:25.637  1149  1211 D WindowManagerShell: setLauncherKeepClearAreaHeight: visible=true, height=544
11-05 05:22:25.638   708   798 W libbinder.IPCThreadState: Sending oneway calls to frozen process.
11-05 05:22:25.639   708   798 W libbinder.IPCThreadState: Sending oneway calls to frozen process.
11-05 05:22:25.648  1149  1250 D WindowOnBackDispatcher: setTopOnBackInvokedCallback (unwrapped): null
11-05 05:22:25.654  1326  1384 D QuickstepModelDelegate: notifyAppTargetEvent action=1 launchLocation=workspace/0/[-1,-1]/[1,1]
11-05 05:22:25.654   834   859 D CoreBackPreview: Window{5461e55 u0 Splash Screen com.scratchoracle.app EXITING}: Setting back callback null
11-05 05:22:25.657  1149  1437 D WallpaperService: onVisibilityChanged(true): com.android.systemui.wallpapers.ImageWallpaper$CanvasEngine@b8f5b73
11-05 05:22:25.676  1326  1326 D BaseDepthController: setSurface:
11-05 05:22:25.676  1326  1326 D BaseDepthController: 	mWaitingOnSurfaceValidity: false
11-05 05:22:25.676  1326  1326 D BaseDepthController: 	mBaseSurface: Surface(name=com.google.android.apps.nexuslauncher/com.google.android.apps.nexuslauncher.NexusLauncherActivity#203)/@0x2434f23
11-05 05:22:25.676  1326  1326 V BaseDepthController: Applying blur: 0 to Surface(name=com.google.android.apps.nexuslauncher/com.google.android.apps.nexuslauncher.NexusLauncherActivity#203)/@0x2434f23 applyImmediately: false
11-05 05:22:25.677  1326  1326 D BaseDepthController: shouldBlurWorkspace: false targetState: Normal currentStableState: Normal mCurrentBlur: 0 mLauncher.getDepthBlurTargets(): [com.android.launcher3.Workspace{6d44701 V.ED..... .......D 0,0-1080,2400 #7f0a049d app:id/workspace}, com.android.launcher3.Hotseat{1cab9a6 V.ED..... .......D 0,1856-1080,2400 #7f0a01ee app:id/hotseat}]
11-05 05:22:25.810  1149  2417 V WindowManagerShell: onTransitionReady(transaction=3582002726147)
11-05 05:22:25.810  1149  1211 V WindowManagerShell: onTransitionReady (#15) android.os.BinderProxy@59d6f2b: {id=15 t=CLOSE f=0x10 trk=0 r=[0@Point(0, 0)] c=[
11-05 05:22:25.810  1149  1211 V WindowManagerShell:         {m=TO_FRONT f=SHOW_WALLPAPER|MOVE_TO_TOP leash=Surface(name=Task=1#44)/@0x2fbda5d sb=Rect(0, 0 - 1080, 2400) eb=Rect(0, 0 - 1080, 2400) epz=Point(1080, 2400) d=0 taskParent=-1 winMode=1 userId=0},
11-05 05:22:25.810  1149  1211 V WindowManagerShell:         {m=CLOSE f=NONE leash=Surface(name=Task=43#184)/@0x2b27fd2 sb=Rect(0, 0 - 1080, 2400) eb=Rect(0, 0 - 1080, 2400) epz=Point(1080, 2400) d=0 taskParent=-1 winMode=1 userId=0},
11-05 05:22:25.810  1149  1211 V WindowManagerShell:         {m=TO_FRONT f=IS_WALLPAPER leash=Surface(name=WallpaperWindowToken{a5e3854}#65)/@0x75e98a3 sb=Rect(0, 0 - 1080, 2400) eb=Rect(0, 0 - 1080, 2400) epz=Point(1080, 2400) d=0}
11-05 05:22:25.810  1149  1211 V WindowManagerShell:     ]}
11-05 05:22:25.812  1149  1211 V WindowManagerShell: Playing animation for (#15) android.os.BinderProxy@59d6f2b@0
11-05 05:22:25.812  1149  1211 V ShellRecents: RecentsTransitionHandler.startAnimation: no controller found
11-05 05:22:25.812  1149  1211 V WindowManagerShell: Transition doesn't have explicit remote, search filters for match for {id=15 t=CLOSE f=0x10 trk=0 r=[0@Point(0, 0)] c=[{m=TO_FRONT f=SHOW_WALLPAPER|MOVE_TO_TOP leash=Surface(name=Task=1#44)/@0x2fbda5d sb=Rect(0, 0 - 1080, 2400) eb=Rect(0, 0 - 1080, 2400) epz=Point(1080, 2400) d=0 taskParent=-1 winMode=1 userId=0},{m=CLOSE f=NONE leash=Surface(name=Task=43#184)/@0x2b27fd2 sb=Rect(0, 0 - 1080, 2400) eb=Rect(0, 0 - 1080, 2400) epz=Point(1080, 2400) d=0 taskParent=-1 winMode=1 userId=0},{m=TO_FRONT f=IS_WALLPAPER leash=Surface(name=WallpaperWindowToken{a5e3854}#65)/@0x75e98a3 sb=Rect(0, 0 - 1080, 2400) eb=Rect(0, 0 - 1080, 2400) epz=Point(1080, 2400) d=0}]}
11-05 05:22:25.812  1149  1211 V WindowManagerShell:  Checking filter Pair{{types=[] flags=0x0] notFlags=0x0 checks=[{atype=undefined independent=true modes=[CLOSE,TO_BACK] flags=IN_TASK_WITH_EMBEDDED_ACTIVITY mustBeTask=false order=ANY topActivity=null launchCookie=null taskFragmentToken=android.os.BinderProxy@c15e8d1 windowingMode=undefined isCrossDisplayMove=false}]} RemoteTransition { remoteTransition = android.window.IRemoteTransition$Stub$Proxy@4e9ff36, appThread = android.app.IApplicationThread$Stub$Proxy@d284e37, debugName = overlayBackTransition }}
11-05 05:22:25.812  1149  1211 V WindowManagerShell:  Checking filter Pair{{types=[] flags=0x0] notFlags=0x0 checks=[{atype=dream independent=true modes=[OPEN,TO_FRONT] flags=NONE mustBeTask=false order=ANY topActivity=null launchCookie=null windowingMode=undefined isCrossDisplayMove=false},{atype=home independent=true modes=[CLOSE,TO_BACK] flags=NONE mustBeTask=false order=ANY topActivity=null launchCookie=null windowingMode=undefined isCrossDisplayMove=false}]} RemoteTransition { remoteTransition = android.window.IRemoteTransition$Stub$Proxy@7883fa4, appThread = android.app.IApplicationThread$Stub$Proxy@53f410d, debugName = LauncherToDream }}
11-05 05:22:25.812  1149  1211 V WindowManagerShell:  Checking filter Pair{{types=[] flags=0x0] notFlags=0x100 checks=[{atype=home independent=true modes=[OPEN,TO_FRONT] flags=NONE mustBeTask=false order=TOP topActivity=ComponentInfo{com.google.android.apps.nexuslauncher/com.google.android.apps.nexuslauncher.NexusLauncherActivity} launchCookie=null windowingMode=undefined isCrossDisplayMove=false},{atype=standard independent=true modes=[CLOSE,TO_BACK] flags=NONE mustBeTask=false order=ANY topActivity=null launchCookie=null windowingMode=undefined isCrossDisplayMove=false},{NOT atype=undefined independent=true modes=[] flags=NONE mustBeTask=true order=ANY topActivity=null launchCookie=null customAnim=true windowingMode=undefined isCrossDisplayMove=false}]} RemoteTransition { remoteTransition = android.window.IRemoteTransition$Stub$Proxy@eced8c2, appThread = android.app.IApplicationThread$Stub$Proxy@c2996d3, debugName = QuickstepLaunchHome }}
11-05 05:22:25.812  1149  1211 D RemoteTransitionHandler: Found filterPair{{types=[] flags=0x0] notFlags=0x100 checks=[{atype=home independent=true modes=[OPEN,TO_FRONT] flags=NONE mustBeTask=false order=TOP topActivity=ComponentInfo{com.google.android.apps.nexuslauncher/com.google.android.apps.nexuslauncher.NexusLauncherActivity} launchCookie=null windowingMode=undefined isCrossDisplayMove=false},{atype=standard independent=true modes=[CLOSE,TO_BACK] flags=NONE mustBeTask=false order=ANY topActivity=null launchCookie=null windowingMode=undefined isCrossDisplayMove=false},{NOT atype=undefined independent=true modes=[] flags=NONE mustBeTask=true order=ANY topActivity=null launchCookie=null customAnim=true windowingMode=undefined isCrossDisplayMove=false}]} RemoteTransition { remoteTransition = android.window.IRemoteTransition$Stub$Proxy@eced8c2, appThread = android.app.IApplicationThread$Stub$Proxy@c2996d3, debugName = QuickstepLaunchHome }}
11-05 05:22:25.812  1149  1211 V WindowManagerShell:  Delegate animation for (#15) to RemoteTransition { remoteTransition = android.window.IRemoteTransition$Stub$Proxy@eced8c2, appThread = android.app.IApplicationThread$Stub$Proxy@c2996d3, debugName = QuickstepLaunchHome }
11-05 05:22:25.824  1326  1326 D LauncherStateManager: StateManager.cancelAnimation: animation ongoing: false, partial trace:
11-05 05:22:25.824  1326  1326 D LauncherStateManager: 	at com.android.launcher3.statemanager.StateManager.setCurrentAnimation(go/retraceme 7101499b44b219b757f6885b35ae099b24fc769225595efcaaacae5b0f94500b:18)
11-05 05:22:25.824  1326  1326 D LauncherStateManager: 	at com.android.launcher3.QuickstepTransitionManager.createWallpaperOpenAnimations(go/retraceme 7101499b44b219b757f6885b35ae099b24fc769225595efcaaacae5b0f94500b:646)
11-05 05:22:25.824  1326  1326 D LauncherStateManager: 	at com.android.launcher3.QuickstepTransitionManager$WallpaperOpenLauncherAnimationRunner.onAnimationStart(go/retraceme 7101499b44b219b757f6885b35ae099b24fc769225595efcaaacae5b0f94500b:96)
11-05 05:22:25.824  1326  1326 D LauncherStateManager: StateManager.createAtomicAnimation: fromState: Normal, toState: Normal, partial trace:
11-05 05:22:25.824  1326  1326 D LauncherStateManager: 	at com.android.quickstep.util.WorkspaceRevealAnim.prepareToAnimate(go/retraceme 7101499b44b219b757f6885b35ae099b24fc769225595efcaaacae5b0f94500b:20)
11-05 05:22:25.824  1326  1326 D LauncherStateManager: 	at com.android.quickstep.util.WorkspaceRevealAnim.<init>(go/retraceme 7101499b44b219b757f6885b35ae099b24fc769225595efcaaacae5b0f94500b:11)
11-05 05:22:25.824  1326  1326 D LauncherStateManager: 	at com.android.launcher3.QuickstepTransitionManager.createWallpaperOpenAnimations(go/retraceme 7101499b44b219b757f6885b35ae099b24fc769225595efcaaacae5b0f94500b:683)
11-05 05:22:25.824  1326  1326 D AllAppsTransitionController: shouldProtectHeader: false skipScrim: true state: Normal stateManager.getState(): Normal
11-05 05:22:25.825  1326  1326 D KeyboardInsetsHandler: removePendingImeController: pendingImeController=null
11-05 05:22:25.825  1326  1326 D b/311077782: LauncherAnimationRunner.setAnimation
11-05 05:22:25.854  1326  1326 D BaseActivity: Launcher flags updated: [state_started|state_resumed|state_deferred_resumed|state_window_focused|state_user_active] +[state_window_focused]
11-05 05:22:25.870   834   865 V WindowManager: Sent Transition (#15) createdAt=11-05 05:22:25.509 via request=TransitionRequestInfo { type = CLOSE, triggerTask = TaskInfo{userId=0 taskId=43 effectiveUid=10221 displayId=0 isRunning=true baseIntent=Intent { flg=0x10000000 cmp=com.scratchoracle.app/.MainActivity } baseActivity=ComponentInfo{com.scratchoracle.app/com.scratchoracle.app.MainActivity} topActivity=ComponentInfo{com.scratchoracle.app/com.scratchoracle.app.MainActivity} origActivity=null realActivity=ComponentInfo{com.scratchoracle.app/com.scratchoracle.app.MainActivity} numActivities=1 lastActiveTime=13613907 supportsMultiWindow=true resizeMode=1 isResizeable=true minWidth=-1 minHeight=-1 defaultMinSize=220 token=WCT{RemoteToken{9b332c2 Task{c146112 #43 type=standard A=10221:com.scratchoracle.app}}} topActivityType=1 pictureInPictureParams=null shouldDockBigOverlays=false launchIntoPipHostTaskId=-1 lastParentTaskIdBeforePip=-1 displayCutoutSafeInsets=Rect(0, 0 - 0, 0) topActivityInfo=ActivityInfo{ecfe8d3 com.scratchoracle.app.MainActivity} launchCookies=[] positionInParent=Point(0, 0) parentTaskId=-1 isFocused=true isVisible=true isVisibleRequested=true isTopActivityNoDisplay=false isSleeping=false locusId=null displayAreaFeatureId=1 isTopActivityTransparent=false isActivityStackTransparent=false lastNonFullscreenBounds=null capturedLink=null capturedLinkTimestamp=0 requestedVisibleTypes=503 topActivityRequestOpenInBrowserEducationTimestamp=0 appCompatTaskInfo=AppCompatTaskInfo { topActivityInSizeCompat=false isLeafTask= true eligibleForLetterboxEducation= false isLetterboxEducationEnabled= true isLetterboxDoubleTapEnabled= false eligibleForUserAspectRatioButton= false topActivityBoundsLetterboxed= false isFromLetterboxDoubleTap= false topActivityLetterboxVerticalPosition= -1 topActivityLetterboxHorizontalPosition= -1 topActivityLetterboxWidth=-1 topActivityLetterboxHeight=-1 topActivityAppBounds=Rect(0, 0 - 1080, 2400) isUserFullscreenOverrideEnabled=false isSystemFullscreenOverrideEnabled=false hasMinAspectRatioOverride=false topActivityLetterboxBounds=null cameraCompatTaskInfo=CameraCompatTaskInfo { cameraCompatMode=inactive0} topNonResizableActivityAspectRatio=-1.0} topActivityMainWindowFrame=null isAppBubble=false}, pipChange = null, remoteTransition = null, displayChange = null, requestedLocation = null, userChange = null, windowingLayerChange = null, flags = 16, debugId = 15 }
11-05 05:22:25.870   834   865 V WindowManager:     startWCT=WindowContainerTransaction { changes= {} hops= [] errorCallbackToken=null taskFragmentOrganizer=null }
11-05 05:22:25.870   834   865 V WindowManager:     info={id=15 t=CLOSE f=0x10 trk=0 r=[0@Point(0, 0)] c=[
11-05 05:22:25.870   834   865 V WindowManager:         {WCT{RemoteToken{fde634a Task{48aa688 #1 type=home}}} m=TO_FRONT f=SHOW_WALLPAPER|MOVE_TO_TOP leash=Surface(name=Task=1#44)/@0xeb23a sb=Rect(0, 0 - 1080, 2400) eb=Rect(0, 0 - 1080, 2400) epz=Point(1080, 2400) d=0 taskParent=-1 winMode=1 userId=0},
11-05 05:22:25.870   834   865 V WindowManager:         {WCT{RemoteToken{9b332c2 Task{c146112 #43 type=standard A=10221:com.scratchoracle.app}}} m=CLOSE f=NONE leash=Surface(name=Task=43#184)/@0x37a89a4 sb=Rect(0, 0 - 1080, 2400) eb=Rect(0, 0 - 1080, 2400) epz=Point(1080, 2400) d=0 taskParent=-1 winMode=1 userId=0},
11-05 05:22:25.870   834   865 V WindowManager:         {m=TO_FRONT f=IS_WALLPAPER leash=Surface(name=WallpaperWindowToken{a5e3854}#65)/@0x6c8aefd sb=Rect(0, 0 - 1080, 2400) eb=Rect(0, 0 - 1080, 2400) epz=Point(1080, 2400) d=0}
11-05 05:22:25.870   834   865 V WindowManager:     ]}
11-05 05:22:25.874  1149  1211 V WindowManagerShell:  animated by com.android.wm.shell.transition.RemoteTransitionHandler@e645a6f
11-05 05:22:25.879   834   989 I ImeTracker: com.google.android.apps.nexuslauncher:ce257580: onRequestHide at ORIGIN_SERVER reason HIDE_UNSPECIFIED_WINDOW fromUser false
11-05 05:22:25.885  1326  1326 D InsetsController: hide(ime())
11-05 05:22:25.885  1326  1326 I ImeTracker: com.google.android.apps.nexuslauncher:ce257580: onCancelled at PHASE_CLIENT_ALREADY_HIDDEN
11-05 05:22:25.890  1595  1595 I GoogleInputMethodService: GoogleInputMethodService.onFinishInput():2057 
11-05 05:22:25.891  1595  1595 I Module  : DeviceLockedStatusModuleProvider$Module.updateDeviceLockedStatus():100 repeatCheckTimes = 0, locked = false
11-05 05:22:25.895   834   859 I ImeTracker: system_server:77740009: onRequestHide at ORIGIN_SERVER reason IME_REQUESTED_CHANGED_LISTENER fromUser false
11-05 05:22:25.896  1595  1595 I GoogleInputMethodService: GoogleInputMethodService.onStartInput():1318 onStartInput(EditorInfo{EditorInfo{packageName=com.google.android.apps.nexuslauncher, inputType=0, inputTypeString=NULL, enableLearning=false, autoCorrection=false, autoComplete=false, imeOptions=0, privateImeOptions=null, actionName=UNSPECIFIED, actionLabel=null, initialSelStart=-1, initialSelEnd=-1, initialCapsMode=0, label=null, fieldId=0, fieldName=null, extras=null, hintText=null, hintLocales=[]}}, false)
11-05 05:22:25.898   834   868 I ImeTracker: system_server:77740009: onCancelled at PHASE_SERVER_SHOULD_HIDE
11-05 05:22:25.900  1595  1595 I Module  : DeviceLockedStatusModuleProvider$Module.updateDeviceLockedStatus():100 repeatCheckTimes = 1, locked = false
11-05 05:22:25.901   834  1966 W PackageConfigPersister: App-specific configuration not found for packageName: com.google.android.apps.nexuslauncher and userId: 0
11-05 05:22:25.914  1149  1156 W System  : A resource failed to call release. 
11-05 05:22:25.914  1149  1156 W System  : A resource failed to call release. 
11-05 05:22:25.914  1149  1156 W System  : A resource failed to call release. 
11-05 05:22:26.014   834   868 W ActivityTaskManager: Activity top resumed state loss timeout for ActivityRecord{127891613 u0 com.scratchoracle.app/.MainActivity t43 f} isExiting}
11-05 05:22:26.114  1674  1674 D BoundBrokerSvc: onBind: Intent { act=com.google.android.gms.semanticlocationhistory.service.START dat=chimera-action:/... xflg=0x4 cmp=com.google.android.gms/.chimera.GmsApiService }
11-05 05:22:26.114  1674  1674 D BoundBrokerSvc: Loading bound service for intent: Intent { act=com.google.android.gms.semanticlocationhistory.service.START dat=chimera-action:/... xflg=0x4 cmp=com.google.android.gms/.chimera.GmsApiService }
11-05 05:22:26.177  1326  1326 D WorkspaceRevealAnim: onAnimationEnd: workspace alpha = 1.0
11-05 05:22:26.178  1149  2417 V WindowManagerShell: Received remote transition finished callback for (#15)
11-05 05:22:26.179  1149  1211 V WindowManagerShell: Transition animation finished (aborted=false), notifying core (#15) android.os.BinderProxy@59d6f2b@0
11-05 05:22:26.184   834   865 V WindowManager: Finish Transition (#15): created at 11-05 05:22:25.509 collect-started=0.309ms request-sent=0.513ms started=20.245ms ready=98.225ms sent=296.189ms commit=23.014ms finished=674.13ms
11-05 05:22:26.188   834   859 E libbinder.IPCThreadState: Binder transaction failure. id: 1322313, cmd: BR_DEAD_REPLY (29189), error: -22 (Invalid argument)
11-05 05:22:26.189   834   859 W ActivityManager: pid 834 system sent binder code 7 with flags 1 and got error -32
11-05 05:22:26.191   834   859 W WindowManager: Exception thrown during dispatchAppVisibility Window{396fbca u0 com.scratchoracle.app/com.scratchoracle.app.MainActivity EXITING}
11-05 05:22:26.191   834   859 W WindowManager: android.os.DeadObjectException
11-05 05:22:26.191   834   859 W WindowManager: 	at android.os.BinderProxy.transactNative(Native Method)
11-05 05:22:26.191   834   859 W WindowManager: 	at android.os.BinderProxy.transact(BinderProxy.java:599)
11-05 05:22:26.191   834   859 W WindowManager: 	at android.view.IWindow$Stub$Proxy.dispatchAppVisibility(IWindow.java:535)
11-05 05:22:26.191   834   859 W WindowManager: 	at com.android.server.wm.WindowState.sendAppVisibilityToClients(WindowState.java:3266)
11-05 05:22:26.191   834   859 W WindowManager: 	at com.android.server.wm.WindowContainer.sendAppVisibilityToClients(WindowContainer.java:1218)
11-05 05:22:26.191   834   859 W WindowManager: 	at com.android.server.wm.WindowToken.setClientVisible(WindowToken.java:394)
11-05 05:22:26.191   834   859 W WindowManager: 	at com.android.server.wm.ActivityRecord.commitVisibility(ActivityRecord.java:5626)
11-05 05:22:26.191   834   859 W WindowManager: 	at com.android.server.wm.Transition.finishTransition(Transition.java:1500)
11-05 05:22:26.191   834   859 W WindowManager: 	at com.android.server.wm.TransitionController.finishTransition(TransitionController.java:1096)
11-05 05:22:26.191   834   859 W WindowManager: 	at com.android.server.wm.WindowOrganizerController.finishTransition(WindowOrganizerController.java:518)
11-05 05:22:26.191   834   859 W WindowManager: 	at android.window.IWindowOrganizerController$Stub.onTransact(IWindowOrganizerController.java:270)
11-05 05:22:26.191   834   859 W WindowManager: 	at com.android.server.wm.WindowOrganizerController.onTransact(WindowOrganizerController.java:233)
11-05 05:22:26.191   834   859 W WindowManager: 	at android.os.Binder.execTransactInternal(Binder.java:1473)
11-05 05:22:26.191   834   859 W WindowManager: 	at android.os.Binder.execTransact(Binder.java:1418)
11-05 05:22:26.191   834   859 W Process : Unable to open /proc/7809/status
11-05 05:22:26.198  1149  1211 V WindowManagerShell: Track 0 became idle
11-05 05:22:26.199  1149  1211 V WindowManagerShell: All active transition animations finished
11-05 05:22:26.201  1326  1326 D RecentsView: onTaskRemoved: 43, not handling task stack changes
11-05 05:22:26.202  1326  1326 D RecentsView: onTaskRemoved: 43, not handling task stack changes
11-05 05:22:26.206  1149  1211 V ShellTaskOrganizer: Task vanished taskId=43
11-05 05:22:26.207  1149  1211 V ShellTaskOrganizer: Fullscreen Task Vanished: #43
11-05 05:22:26.207  1149  1211 D ShellDesktopMode: AppToWebRepository: Task 43 is vanishing. Removing task data from repository
11-05 05:22:26.208  1326  1326 D b/417220811: invalidateLoadedTasks - previous requestLoadId: -1
11-05 05:22:26.209   834   859 W WindowManager: takeTaskSnapshot: taskId=36 not found or not visible
11-05 05:22:26.212   834   859 W WindowManager: takeTaskSnapshot: taskId=43 not found or not visible
11-05 05:22:26.215   834  1116 W ImageReader_JNI: Unable to acquire a buffer item, very likely client tried to acquire more than maxImages buffers
11-05 05:22:26.226   653   653 E BpTransactionCompletedListener: Failed to transact (-32)
11-05 05:22:27.416  1892  2195 E TraceManagerImpl: Trace Broadcast to com.google.android.apps.wellbeing.time.delta.CheckTimeDeltaBroadcastReceiver_Receiver android.intent.action.TIME_SET timed out after 12646923 ms. Complete trace: # nad@82211ed6
11-05 05:22:27.416  1892  2195 E TraceManagerImpl: nai: 
11-05 05:22:27.416  1892  2195 E TraceManagerImpl: 	at tk_trace.execSQL: REPLACE INTO auxiliary_app_data(package_id,storage_id,data) VALUES (?, ?, ?)(Started After:8)
11-05 05:22:27.416  1892  2195 E TraceManagerImpl: 	at tk_trace.Transaction(Started After:8)
11-05 05:22:27.416  1892  2195 E TraceManagerImpl: 	at tk_trace.handleBroadcast(Started After:0)
11-05 05:22:27.416  1892  2195 E TraceManagerImpl: 	at tk_trace.Broadcast to com.google.android.apps.wellbeing.time.delta.CheckTimeDeltaBroadcastReceiver_Receiver android.intent.action.TIME_SET(Started After:0)
11-05 05:22:27.773   834  1841 E TaskPersister: File error accessing recents directory (directory doesn't exist?).
11-05 05:22:28.079   834  1031 I HalDevMgr: bestIfaceCreationProposal is null, requestIface=STA, existingIface=[name=wlan0 type=STA]
11-05 05:22:28.316   834   970 D ActivityManager: freezing 2594 com.android.vending:background
11-05 05:22:28.435   834   970 D ActivityManager: freezing 5734 com.android.vending
11-05 05:22:28.439   834  1038 D InetDiagMessage: Destroyed 0 sockets, proto=IPPROTO_TCP, family=AF_INET, states=14
11-05 05:22:28.442   834  1038 D InetDiagMessage: Destroyed 2 sockets, proto=IPPROTO_TCP, family=AF_INET6, states=14
11-05 05:22:28.442   834  1038 D InetDiagMessage: Destroyed live tcp sockets for uids={10145} in 4ms
11-05 05:22:29.830   834  1038 D InetDiagMessage: Destroyed 0 sockets, proto=IPPROTO_TCP, family=AF_INET, states=14
11-05 05:22:29.831   834  1038 D InetDiagMessage: Destroyed 0 sockets, proto=IPPROTO_TCP, family=AF_INET6, states=14
11-05 05:22:29.831   834  1038 D InetDiagMessage: Destroyed live tcp sockets for uids={10151} in 1ms
11-05 05:22:29.831   834  1038 D InetDiagMessage: Destroyed 0 sockets, proto=IPPROTO_TCP, family=AF_INET, states=14
11-05 05:22:29.832   834  1038 D InetDiagMessage: Destroyed 0 sockets, proto=IPPROTO_TCP, family=AF_INET6, states=14
11-05 05:22:29.832   834  1038 D InetDiagMessage: Destroyed live tcp sockets for uids={20151} in 0ms
11-05 05:22:31.088   834  1031 I HalDevMgr: bestIfaceCreationProposal is null, requestIface=STA, existingIface=[name=wlan0 type=STA]
11-05 05:22:33.609  1674  1674 D BoundBrokerSvc: onUnbind: Intent { act=com.google.android.gms.feedback.internal.IFeedbackService dat=chimera-action:/... xflg=0x4 cmp=com.google.android.gms/.chimera.GmsBoundBrokerService }
11-05 05:22:34.094   834  1031 I HalDevMgr: bestIfaceCreationProposal is null, requestIface=STA, existingIface=[name=wlan0 type=STA]
11-05 05:22:35.427  4739  4845 D SatelliteController: iisInCarrierRoamingNbIotNtn: satellite is disabled
11-05 05:22:35.430  4739  4845 D SatelliteController: getCarrierRoamingNtnConnectType: Falling back to global carrier config connect type: 0
11-05 05:22:37.102   834  1031 I HalDevMgr: bestIfaceCreationProposal is null, requestIface=STA, existingIface=[name=wlan0 type=STA]
11-05 05:22:37.583   834   970 D ActivityManager: freezing 2852 com.google.android.permissioncontroller
11-05 05:22:37.586   834  1038 D InetDiagMessage: Destroyed 0 sockets, proto=IPPROTO_TCP, family=AF_INET, states=14
11-05 05:22:37.587   834  1038 D InetDiagMessage: Destroyed 0 sockets, proto=IPPROTO_TCP, family=AF_INET6, states=14
11-05 05:22:37.587   834  1038 D InetDiagMessage: Destroyed live tcp sockets for uids={10199} in 1ms
11-05 05:22:40.109   834  1031 I HalDevMgr: bestIfaceCreationProposal is null, requestIface=STA, existingIface=[name=wlan0 type=STA]
11-05 05:22:41.134  1674  1674 D BoundBrokerSvc: onUnbind: Intent { act=com.google.android.gms.semanticlocationhistory.service.START dat=chimera-action:/... xflg=0x4 cmp=com.google.android.gms/.chimera.GmsApiService }
11-05 05:22:43.116   834  1031 I HalDevMgr: bestIfaceCreationProposal is null, requestIface=STA, existingIface=[name=wlan0 type=STA]
11-05 05:22:43.510   834   956 D ActivityManager: sync unfroze 5734 com.android.vending for 6
11-05 05:22:43.533   834   859 W ProcessStats: Tracking association SourceState{2e568db system/1000 ImpBg #6078} whose proc state 6 is better than process ProcessState{4a4dd07 com.android.vending/10145 pkg=com.android.vending} proc state 14 (38 skipped)
11-05 05:22:43.534  5734  5734 I Finsky  : [2] SCH: job service start with id 9330.
11-05 05:22:43.555  5734  7740 I Finsky  : [193] SCH: Satisfied jobs for 9330 are: 12-1
11-05 05:22:43.569  5734  7862 I Finsky  : [201] SCH: Job 12-1 starting
11-05 05:22:43.572  5734  5734 I Finsky  : [2] WM::SCH: Logging work start for 12-1
11-05 05:22:43.580  5734  5734 I Finsky  : [2] [ContentSync] job started
11-05 05:22:43.715  5734  5734 W Finsky  : [2] STU: Failed to get storage stats for package 'com.android.hardware.threadnetwork' (1601: Error getting stats: android.content.pm.PackageManager.NameNotFoundException)
11-05 05:22:43.731  5734  5734 W Finsky  : [2] STU: Failed to get storage stats for package 'com.google.android.uprobestats' (1601: Error getting stats: android.content.pm.PackageManager.NameNotFoundException)
11-05 05:22:43.753  5734  5734 W Finsky  : [2] STU: Failed to get storage stats for package 'com.android.hardware.vibrator' (1601: Error getting stats: android.content.pm.PackageManager.NameNotFoundException)
11-05 05:22:43.782  5734  5734 W Finsky  : [2] STU: Failed to get storage stats for package 'com.android.compos' (1601: Error getting stats: android.content.pm.PackageManager.NameNotFoundException)
11-05 05:22:43.782  5734  5734 W Finsky  : [2] STU: Failed to get storage stats for package 'com.google.android.uwb' (1601: Error getting stats: android.content.pm.PackageManager.NameNotFoundException)
11-05 05:22:43.784  5734  5734 W Finsky  : [2] STU: Failed to get storage stats for package 'com.google.android.bt' (1601: Error getting stats: android.content.pm.PackageManager.NameNotFoundException)
11-05 05:22:43.787  5734  5734 W Finsky  : [2] STU: Failed to get storage stats for package 'com.google.android.widevine.nonupdatable' (1601: Error getting stats: android.content.pm.PackageManager.NameNotFoundException)
11-05 05:22:43.791  5734  5734 W Finsky  : [2] STU: Failed to get storage stats for package 'com.google.android.tzdata6' (1601: Error getting stats: android.content.pm.PackageManager.NameNotFoundException)
11-05 05:22:43.812  5734  5734 W Finsky  : [2] STU: Failed to get storage stats for package 'com.google.android.permission' (1601: Error getting stats: android.content.pm.PackageManager.NameNotFoundException)
11-05 05:22:43.864  5734  5734 W Finsky  : [2] STU: Failed to get storage stats for package 'com.google.android.wifi' (1601: Error getting stats: android.content.pm.PackageManager.NameNotFoundException)
11-05 05:22:43.870  5734  5734 W Finsky  : [2] STU: Failed to get storage stats for package 'com.android.hardware.contexthub' (1601: Error getting stats: android.content.pm.PackageManager.NameNotFoundException)
11-05 05:22:43.871  5734  5734 W Finsky  : [2] STU: Failed to get storage stats for package 'com.android.hardware.authsecret' (1601: Error getting stats: android.content.pm.PackageManager.NameNotFoundException)
11-05 05:22:43.878  5734  5734 W Finsky  : [2] STU: Failed to get storage stats for package 'com.android.apex.cts.shim' (1601: Error getting stats: android.content.pm.PackageManager.NameNotFoundException)
11-05 05:22:43.888  5734  5734 W Finsky  : [2] STU: Failed to get storage stats for package 'com.android.hardware.thermal' (1601: Error getting stats: android.content.pm.PackageManager.NameNotFoundException)
11-05 05:22:43.902  5734  5734 W Finsky  : [2] STU: Failed to get storage stats for package 'com.google.android.telephonycore' (1601: Error getting stats: android.content.pm.PackageManager.NameNotFoundException)
11-05 05:22:43.925  5734  5734 W Finsky  : [2] STU: Failed to get storage stats for package 'com.google.android.appsearch' (1601: Error getting stats: android.content.pm.PackageManager.NameNotFoundException)
11-05 05:22:43.925  5734  5734 W Finsky  : [2] STU: Failed to get storage stats for package 'com.google.android.media.swcodec' (1601: Error getting stats: android.content.pm.PackageManager.NameNotFoundException)
11-05 05:22:43.927  5734  5734 W Finsky  : [2] STU: Failed to get storage stats for package 'com.google.android.art' (1601: Error getting stats: android.content.pm.PackageManager.NameNotFoundException)
11-05 05:22:43.944  5734  5734 W Finsky  : [2] STU: Failed to get storage stats for package 'com.google.android.profiling' (1601: Error getting stats: android.content.pm.PackageManager.NameNotFoundException)
11-05 05:22:43.965  5734  5734 W Finsky  : [2] STU: Failed to get storage stats for package 'com.google.android.mediaprovider' (1601: Error getting stats: android.content.pm.PackageManager.NameNotFoundException)
11-05 05:22:43.981  5734  5734 W Finsky  : [2] STU: Failed to get storage stats for package 'com.android.hardware.uwb' (1601: Error getting stats: android.content.pm.PackageManager.NameNotFoundException)
11-05 05:22:43.986  5734  5734 W Finsky  : [2] STU: Failed to get storage stats for package 'com.android.virt' (1601: Error getting stats: android.content.pm.PackageManager.NameNotFoundException)
11-05 05:22:43.986  5734  5734 W Finsky  : [2] STU: Failed to get storage stats for package 'com.android.hardware.neuralnetworks' (1601: Error getting stats: android.content.pm.PackageManager.NameNotFoundException)
11-05 05:22:43.987  5734  5734 W Finsky  : [2] STU: Failed to get storage stats for package 'com.google.android.crashrecovery' (1601: Error getting stats: android.content.pm.PackageManager.NameNotFoundException)
11-05 05:22:43.991  5734  5734 W Finsky  : [2] STU: Failed to get storage stats for package 'com.google.android.adbd' (1601: Error getting stats: android.content.pm.PackageManager.NameNotFoundException)
11-05 05:22:43.994  5734  5734 W Finsky  : [2] STU: Failed to get storage stats for package 'com.google.android.resolv' (1601: Error getting stats: android.content.pm.PackageManager.NameNotFoundException)
11-05 05:22:44.012  5734  5734 W Finsky  : [2] STU: Failed to get storage stats for package 'com.android.i18n' (1601: Error getting stats: android.content.pm.PackageManager.NameNotFoundException)
11-05 05:22:44.016  5734  5734 W Finsky  : [2] STU: Failed to get storage stats for package 'com.android.hardware.dumpstate' (1601: Error getting stats: android.content.pm.PackageManager.NameNotFoundException)
11-05 05:22:44.017  5734  5734 W Finsky  : [2] STU: Failed to get storage stats for package 'com.google.android.configinfrastructure' (1601: Error getting stats: android.content.pm.PackageManager.NameNotFoundException)
11-05 05:22:44.018  5734  5734 W Finsky  : [2] STU: Failed to get storage stats for package 'com.google.android.media' (1601: Error getting stats: android.content.pm.PackageManager.NameNotFoundException)
11-05 05:22:44.018  5734  5734 W Finsky  : [2] STU: Failed to get storage stats for package 'com.google.android.conscrypt' (1601: Error getting stats: android.content.pm.PackageManager.NameNotFoundException)
11-05 05:22:44.026  5734  5734 W Finsky  : [2] STU: Failed to get storage stats for package 'com.android.hardware.cas' (1601: Error getting stats: android.content.pm.PackageManager.NameNotFoundException)
