11-05 05:22:44.039  5734  5734 W Finsky  : [2] STU: Failed to get storage stats for package 'com.google.android.neuralnetworks' (1601: Error getting stats: android.content.pm.PackageManager.NameNotFoundException)
11-05 05:22:44.045  5734  5734 W Finsky  : [2] STU: Failed to get storage stats for package 'com.google.android.runtime' (1601: Error getting stats: android.content.pm.PackageManager.NameNotFoundException)
11-05 05:22:44.047  5734  5734 W Finsky  : [2] STU: Failed to get storage stats for package 'com.google.android.ipsec' (1601: Error getting stats: android.content.pm.PackageManager.NameNotFoundException)
11-05 05:22:44.049  5734  5734 W Finsky  : [2] STU: Failed to get storage stats for package 'com.android.devicelock' (1601: Error getting stats: android.content.pm.PackageManager.NameNotFoundException)
11-05 05:22:44.067  5734  5734 W Finsky  : [2] STU: Failed to get storage stats for package 'com.android.hardware.power' (1601: Error getting stats: android.content.pm.PackageManager.NameNotFoundException)
11-05 05:22:44.071  5734  5734 W Finsky  : [2] STU: Failed to get storage stats for package 'com.google.android.ondevicepersonalization' (1601: Error getting stats: android.content.pm.PackageManager.NameNotFoundException)
11-05 05:22:44.082  5734  5734 W Finsky  : [2] STU: Failed to get storage stats for package 'com.google.android.sdkext' (1601: Error getting stats: android.content.pm.PackageManager.NameNotFoundException)
11-05 05:22:44.082  5734  5734 W Finsky  : [2] STU: Failed to get storage stats for package 'com.google.android.healthfitness' (1601: Error getting stats: android.content.pm.PackageManager.NameNotFoundException)
11-05 05:22:44.112  5734  5734 W Finsky  : [2] STU: Failed to get storage stats for package 'com.google.android.adservices' (1601: Error getting stats: android.content.pm.PackageManager.NameNotFoundException)
11-05 05:22:44.112  5734  5734 W Finsky  : [2] STU: Failed to get storage stats for package 'com.google.android.tethering' (1601: Error getting stats: android.content.pm.PackageManager.NameNotFoundException)
11-05 05:22:44.125  5734  5734 W Finsky  : [2] STU: Failed to get storage stats for package 'com.google.android.extservices' (1601: Error getting stats: android.content.pm.PackageManager.NameNotFoundException)
11-05 05:22:44.136  5734  5734 W Finsky  : [2] STU: Failed to get storage stats for package 'com.google.android.nfcservices' (1601: Error getting stats: android.content.pm.PackageManager.NameNotFoundException)
11-05 05:22:44.166  5734  5734 W Finsky  : [2] STU: Failed to get storage stats for package 'com.google.android.os.statsd' (1601: Error getting stats: android.content.pm.PackageManager.NameNotFoundException)
11-05 05:22:44.168  5734  5734 W Finsky  : [2] STU: Failed to get storage stats for package 'com.android.hardware.rebootescrow' (1601: Error getting stats: android.content.pm.PackageManager.NameNotFoundException)
11-05 05:22:44.172  5734  5734 W Finsky  : [2] STU: Failed to get storage stats for package 'com.google.android.cellbroadcast' (1601: Error getting stats: android.content.pm.PackageManager.NameNotFoundException)
11-05 05:22:44.189  5734  5734 W Finsky  : [2] STU: Failed to get storage stats for package 'com.google.android.rkpd' (1601: Error getting stats: android.content.pm.PackageManager.NameNotFoundException)
11-05 05:22:44.223  5734  5734 W Finsky  : [2] STU: Failed to get storage stats for package 'com.google.android.scheduling' (1601: Error getting stats: android.content.pm.PackageManager.NameNotFoundException)
11-05 05:22:44.230  5734  5734 W Finsky  : [2] STU: Failed to get storage stats for package 'com.android.hardware.gatekeeper' (1601: Error getting stats: android.content.pm.PackageManager.NameNotFoundException)
11-05 05:22:44.242  5734  5734 I Finsky  : [2] App states replicator found 3 unowned apps
11-05 05:22:44.254  5734  5774 I Finsky  : [85] Completed 0 account content syncs with 0 successful.
11-05 05:22:44.255  5734  5734 I Finsky  : [2] [ContentSync] Installation state replication succeeded.
11-05 05:22:44.255  5734  5734 I Finsky  : [2] SCH: jobFinished: 12-1. TimeElapsed: 685ms.
11-05 05:22:44.257  5734  5734 I Finsky  : [2] WM::SCH: Logging work end for 12-1
11-05 05:22:44.284  5734  5768 I Finsky  : [79] SCH: Scheduling phonesky job Id: 1-1337, CT: 1762324311838, Constraints: [{ L: 15936900, D: 59136900, C: CHARGING_NONE, I: IDLE_NONE, N: NET_ANY, B: BATTERY_ANY }]
11-05 05:22:44.285  5734  5768 I Finsky  : [79] SCH: Scheduling phonesky job Id: 34-21, CT: 1762324384357, Constraints: [{ L: 79199198, D: 1375199198, C: CHARGING_NONE, I: IDLE_NONE, N: NET_ANY, B: BATTERY_ANY }]
11-05 05:22:44.285  5734  5768 I Finsky  : [79] SCH: Scheduling phonesky job Id: 34-24, CT: 1762324389559, Constraints: [{ L: 604800000, D: 2591995476, C: CHARGING_NONE, I: IDLE_NONE, N: NET_ANY, B: BATTERY_ANY }]
11-05 05:22:44.289  5734  5773 I Finsky  : [84] SCH: Scheduling 1 system job(s)
11-05 05:22:44.290  5734  5773 I Finsky  : [84] SCH: Scheduling system job Id: 9335, L: 2084449, D: 45284449, C: false, I: false, N: 1
11-05 05:22:44.296  5734  7862 I Finsky  : [201] SCH: job service finished with id 9330.
11-05 05:22:44.303  5734  5734 I Finsky  : [2] Memory trim requested to level 40
11-05 05:22:44.303  5734  5734 I Finsky  : [2] Flushing in-memory image cache
11-05 05:22:45.427  4739  4845 D SatelliteController: iisInCarrierRoamingNbIotNtn: satellite is disabled
11-05 05:22:45.428  4739  4845 D SatelliteController: getCarrierRoamingNtnConnectType: Falling back to global carrier config connect type: 0
11-05 05:22:46.123   834  1031 I HalDevMgr: bestIfaceCreationProposal is null, requestIface=STA, existingIface=[name=wlan0 type=STA]
11-05 05:22:46.142   834  1038 D InetDiagMessage: Destroyed 0 sockets, proto=IPPROTO_TCP, family=AF_INET, states=14
11-05 05:22:46.142   834  1038 D InetDiagMessage: Destroyed 0 sockets, proto=IPPROTO_TCP, family=AF_INET6, states=14
11-05 05:22:46.142   834  1038 D InetDiagMessage: Destroyed live tcp sockets for uids={10210} in 1ms
11-05 05:22:46.142   834  1038 D InetDiagMessage: Destroyed 0 sockets, proto=IPPROTO_TCP, family=AF_INET, states=14
11-05 05:22:46.143   834  1038 D InetDiagMessage: Destroyed 0 sockets, proto=IPPROTO_TCP, family=AF_INET6, states=14
11-05 05:22:46.143   834  1038 D InetDiagMessage: Destroyed live tcp sockets for uids={20210} in 1ms
11-05 05:22:49.130   834  1031 I HalDevMgr: bestIfaceCreationProposal is null, requestIface=STA, existingIface=[name=wlan0 type=STA]
11-05 05:22:51.142   834   970 D ActivityManager: freezing 1674 com.google.android.gms
11-05 05:22:51.144   834   970 D ActivityManager: freezing 2210 com.google.android.adservices.api
11-05 05:22:51.278   834  1038 D InetDiagMessage: Destroyed 0 sockets, proto=IPPROTO_TCP, family=AF_INET, states=14
11-05 05:22:51.279   834  1038 D InetDiagMessage: Destroyed 0 sockets, proto=IPPROTO_TCP, family=AF_INET6, states=14
11-05 05:22:51.279   834  1038 D InetDiagMessage: Destroyed live tcp sockets for uids={10210} in 1ms
11-05 05:22:52.138   834  1031 I HalDevMgr: bestIfaceCreationProposal is null, requestIface=STA, existingIface=[name=wlan0 type=STA]
11-05 05:22:54.311   834   970 D ActivityManager: freezing 5734 com.android.vending
11-05 05:22:54.313   834  1038 D InetDiagMessage: Destroyed 0 sockets, proto=IPPROTO_TCP, family=AF_INET, states=14
11-05 05:22:54.314   834  1038 D InetDiagMessage: Destroyed 0 sockets, proto=IPPROTO_TCP, family=AF_INET6, states=14
11-05 05:22:54.314   834  1038 D InetDiagMessage: Destroyed live tcp sockets for uids={10145} in 1ms
11-05 05:22:54.825   834   970 D ActivityManager: freezing 1892 com.google.android.apps.wellbeing
11-05 05:22:54.827   834  1038 D InetDiagMessage: Destroyed 0 sockets, proto=IPPROTO_TCP, family=AF_INET, states=14
11-05 05:22:54.827   834  1038 D InetDiagMessage: Destroyed 0 sockets, proto=IPPROTO_TCP, family=AF_INET6, states=14
11-05 05:22:54.827   834  1038 D InetDiagMessage: Destroyed live tcp sockets for uids={10151} in 1ms
11-05 05:22:55.146   834  1031 I HalDevMgr: bestIfaceCreationProposal is null, requestIface=STA, existingIface=[name=wlan0 type=STA]
11-05 05:22:55.427  4739  4845 D SatelliteController: iisInCarrierRoamingNbIotNtn: satellite is disabled
11-05 05:22:55.427  4739  4845 D SatelliteController: getCarrierRoamingNtnConnectType: Falling back to global carrier config connect type: 0
11-05 05:22:57.136   834   970 D ActivityManager: freezing 6643 com.android.keychain
11-05 05:22:57.137   834   970 D ActivityManager: freezing 3075 com.android.settings
11-05 05:22:58.152   834  1031 I HalDevMgr: bestIfaceCreationProposal is null, requestIface=STA, existingIface=[name=wlan0 type=STA]
11-05 05:23:01.161   834  1031 I HalDevMgr: bestIfaceCreationProposal is null, requestIface=STA, existingIface=[name=wlan0 type=STA]
11-05 05:23:04.170   834  1031 I HalDevMgr: bestIfaceCreationProposal is null, requestIface=STA, existingIface=[name=wlan0 type=STA]
11-05 05:23:05.427  4739  4845 D SatelliteController: iisInCarrierRoamingNbIotNtn: satellite is disabled
11-05 05:23:05.427  4739  4845 D SatelliteController: getCarrierRoamingNtnConnectType: Falling back to global carrier config connect type: 0
11-05 05:23:07.178   834  1031 I HalDevMgr: bestIfaceCreationProposal is null, requestIface=STA, existingIface=[name=wlan0 type=STA]
11-05 05:23:10.186   834  1031 I HalDevMgr: bestIfaceCreationProposal is null, requestIface=STA, existingIface=[name=wlan0 type=STA]
11-05 05:23:13.195   834  1031 I HalDevMgr: bestIfaceCreationProposal is null, requestIface=STA, existingIface=[name=wlan0 type=STA]
11-05 05:23:15.427  4739  4845 D SatelliteController: iisInCarrierRoamingNbIotNtn: satellite is disabled
11-05 05:23:15.428  4739  4845 D SatelliteController: getCarrierRoamingNtnConnectType: Falling back to global carrier config connect type: 0
11-05 05:23:16.202   834  1031 I HalDevMgr: bestIfaceCreationProposal is null, requestIface=STA, existingIface=[name=wlan0 type=STA]
11-05 05:23:17.109   834   889 E BluetoothPowerStatsCollector: Cannot acquire BluetoothActivityEnergyInfo
11-05 05:23:17.109   834   889 E BluetoothPowerStatsCollector: java.util.concurrent.ExecutionException: java.lang.RuntimeException: error: 9
11-05 05:23:17.109   834   889 E BluetoothPowerStatsCollector: 	at java.util.concurrent.CompletableFuture.reportGet(CompletableFuture.java:372)
11-05 05:23:17.109   834   889 E BluetoothPowerStatsCollector: 	at java.util.concurrent.CompletableFuture.get(CompletableFuture.java:2072)
11-05 05:23:17.109   834   889 E BluetoothPowerStatsCollector: 	at com.android.server.power.stats.BluetoothPowerStatsCollector.collectBluetoothActivityInfo(BluetoothPowerStatsCollector.java:191)
11-05 05:23:17.109   834   889 E BluetoothPowerStatsCollector: 	at com.android.server.power.stats.BluetoothPowerStatsCollector.collectStats(BluetoothPowerStatsCollector.java:155)
11-05 05:23:17.109   834   889 E BluetoothPowerStatsCollector: 	at com.android.server.power.stats.PowerStatsCollector.collectAndDeliverStats(PowerStatsCollector.java:196)
11-05 05:23:17.109   834   889 E BluetoothPowerStatsCollector: 	at com.android.server.power.stats.PowerStatsCollector.lambda$schedule$0(PowerStatsCollector.java:166)
11-05 05:23:17.109   834   889 E BluetoothPowerStatsCollector: 	at com.android.server.power.stats.PowerStatsCollector.$r8$lambda$G7G_yFY7rV7oxQbQHnZ5FHX8eBk(PowerStatsCollector.java:0)
11-05 05:23:17.109   834   889 E BluetoothPowerStatsCollector: 	at com.android.server.power.stats.PowerStatsCollector$$ExternalSyntheticLambda1.run(R8$$SyntheticClass:0)
11-05 05:23:17.109   834   889 E BluetoothPowerStatsCollector: 	at android.os.Handler.handleCallback(Handler.java:1070)
11-05 05:23:17.109   834   889 E BluetoothPowerStatsCollector: 	at android.os.Handler.dispatchMessage(Handler.java:125)
11-05 05:23:17.109   834   889 E BluetoothPowerStatsCollector: 	at android.os.Looper.dispatchMessage(Looper.java:333)
11-05 05:23:17.109   834   889 E BluetoothPowerStatsCollector: 	at android.os.Looper.loopOnce(Looper.java:263)
11-05 05:23:17.109   834   889 E BluetoothPowerStatsCollector: 	at android.os.Looper.loop(Looper.java:367)
11-05 05:23:17.109   834   889 E BluetoothPowerStatsCollector: 	at android.os.HandlerThread.run(HandlerThread.java:139)
11-05 05:23:17.109   834   889 E BluetoothPowerStatsCollector: Caused by: java.lang.RuntimeException: error: 9
11-05 05:23:17.109   834   889 E BluetoothPowerStatsCollector: 	at com.android.server.power.stats.BluetoothPowerStatsCollector$1.onBluetoothActivityEnergyInfoError(BluetoothPowerStatsCollector.java:180)
11-05 05:23:17.109   834   889 E BluetoothPowerStatsCollector: 	at android.bluetooth.BluetoothAdapter.lambda$requestControllerActivityEnergyInfo$27(BluetoothAdapter.java:2513)
11-05 05:23:17.109   834   889 E BluetoothPowerStatsCollector: 	at android.bluetooth.BluetoothAdapter$$ExternalSyntheticLambda27.run(D8$$SyntheticClass:0)
11-05 05:23:17.109   834   889 E BluetoothPowerStatsCollector: 	at com.android.server.SystemServerInitThreadPool$$ExternalSyntheticLambda0.execute(R8$$SyntheticClass:0)
11-05 05:23:17.109   834   889 E BluetoothPowerStatsCollector: 	at android.bluetooth.BluetoothAdapter.requestControllerActivityEnergyInfo(BluetoothAdapter.java:2511)
11-05 05:23:17.109   834   889 E BluetoothPowerStatsCollector: 	at com.android.server.power.stats.BatteryStatsImpl$BluetoothStatsRetrieverImpl.requestControllerActivityEnergyInfo(BatteryStatsImpl.java:471)
11-05 05:23:17.109   834   889 E BluetoothPowerStatsCollector: 	at com.android.server.power.stats.BluetoothPowerStatsCollector.collectBluetoothActivityInfo(BluetoothPowerStatsCollector.java:169)
11-05 05:23:17.109   834   889 E BluetoothPowerStatsCollector: 	... 11 more
11-05 05:23:18.164   834  1981 I AppSearchIcing: icing-search-engine.cc:2327: Persisting data to disk with mode 3
11-05 05:23:18.183   834  1981 I AppSearchIcing: icing-search-engine.cc:2340: PersistToDisk completed.
11-05 05:23:19.212   834  1031 I HalDevMgr: bestIfaceCreationProposal is null, requestIface=STA, existingIface=[name=wlan0 type=STA]
11-05 05:23:22.221   834  1031 I HalDevMgr: bestIfaceCreationProposal is null, requestIface=STA, existingIface=[name=wlan0 type=STA]
11-05 05:23:25.229   834  1031 I HalDevMgr: bestIfaceCreationProposal is null, requestIface=STA, existingIface=[name=wlan0 type=STA]
11-05 05:23:25.427  4739  4845 D SatelliteController: iisInCarrierRoamingNbIotNtn: satellite is disabled
11-05 05:23:25.428  4739  4845 D SatelliteController: getCarrierRoamingNtnConnectType: Falling back to global carrier config connect type: 0
11-05 05:23:28.236   834  1031 I HalDevMgr: bestIfaceCreationProposal is null, requestIface=STA, existingIface=[name=wlan0 type=STA]
11-05 05:23:31.244   834  1031 I HalDevMgr: bestIfaceCreationProposal is null, requestIface=STA, existingIface=[name=wlan0 type=STA]
11-05 05:23:34.254   834  1031 I HalDevMgr: bestIfaceCreationProposal is null, requestIface=STA, existingIface=[name=wlan0 type=STA]
11-05 05:23:35.428  4739  4845 D SatelliteController: iisInCarrierRoamingNbIotNtn: satellite is disabled
11-05 05:23:35.428  4739  4845 D SatelliteController: getCarrierRoamingNtnConnectType: Falling back to global carrier config connect type: 0
11-05 05:23:36.429   834   859 D WifiNl80211Manager: Scan result ready event
11-05 05:23:36.429   834   859 D WifiNative: Scan result ready event
11-05 05:23:36.436  1505  1518 I WifiScanner: onFullResults
11-05 05:23:36.436  1505  3104 I WifiScanner: onFullResults
11-05 05:23:36.439   834  1031 I HalDevMgr: bestIfaceCreationProposal is null, requestIface=STA, existingIface=[name=wlan0 type=STA]
11-05 05:23:37.263   834  1031 I HalDevMgr: bestIfaceCreationProposal is null, requestIface=STA, existingIface=[name=wlan0 type=STA]
11-05 05:23:40.273   834  1031 I HalDevMgr: bestIfaceCreationProposal is null, requestIface=STA, existingIface=[name=wlan0 type=STA]
11-05 05:23:43.280   834  1031 I HalDevMgr: bestIfaceCreationProposal is null, requestIface=STA, existingIface=[name=wlan0 type=STA]
11-05 05:23:45.428  4739  4845 D SatelliteController: iisInCarrierRoamingNbIotNtn: satellite is disabled
11-05 05:23:45.428  4739  4845 D SatelliteController: getCarrierRoamingNtnConnectType: Falling back to global carrier config connect type: 0
11-05 05:23:46.288   834  1031 I HalDevMgr: bestIfaceCreationProposal is null, requestIface=STA, existingIface=[name=wlan0 type=STA]
11-05 05:23:49.295   834  1031 I HalDevMgr: bestIfaceCreationProposal is null, requestIface=STA, existingIface=[name=wlan0 type=STA]
11-05 05:23:52.303   834  1031 I HalDevMgr: bestIfaceCreationProposal is null, requestIface=STA, existingIface=[name=wlan0 type=STA]
11-05 05:23:55.313   834  1031 I HalDevMgr: bestIfaceCreationProposal is null, requestIface=STA, existingIface=[name=wlan0 type=STA]
11-05 05:23:55.428  4739  4845 D SatelliteController: iisInCarrierRoamingNbIotNtn: satellite is disabled
11-05 05:23:55.429  4739  4845 D SatelliteController: getCarrierRoamingNtnConnectType: Falling back to global carrier config connect type: 0
11-05 05:23:58.321   834  1031 I HalDevMgr: bestIfaceCreationProposal is null, requestIface=STA, existingIface=[name=wlan0 type=STA]
11-05 05:24:01.328   834  1031 I HalDevMgr: bestIfaceCreationProposal is null, requestIface=STA, existingIface=[name=wlan0 type=STA]
11-05 05:24:04.336   834  1031 I HalDevMgr: bestIfaceCreationProposal is null, requestIface=STA, existingIface=[name=wlan0 type=STA]
11-05 05:24:05.428  4739  4845 D SatelliteController: iisInCarrierRoamingNbIotNtn: satellite is disabled
11-05 05:24:05.428  4739  4845 D SatelliteController: getCarrierRoamingNtnConnectType: Falling back to global carrier config connect type: 0
11-05 05:24:07.344   834  1031 I HalDevMgr: bestIfaceCreationProposal is null, requestIface=STA, existingIface=[name=wlan0 type=STA]
11-05 05:24:10.351   834  1031 I HalDevMgr: bestIfaceCreationProposal is null, requestIface=STA, existingIface=[name=wlan0 type=STA]
11-05 05:24:13.359   834  1031 I HalDevMgr: bestIfaceCreationProposal is null, requestIface=STA, existingIface=[name=wlan0 type=STA]
11-05 05:24:15.428  4739  4845 D SatelliteController: iisInCarrierRoamingNbIotNtn: satellite is disabled
11-05 05:24:15.430  4739  4845 D SatelliteController: getCarrierRoamingNtnConnectType: Falling back to global carrier config connect type: 0
11-05 05:24:16.367   834  1031 I HalDevMgr: bestIfaceCreationProposal is null, requestIface=STA, existingIface=[name=wlan0 type=STA]
11-05 05:24:19.374   834  1031 I HalDevMgr: bestIfaceCreationProposal is null, requestIface=STA, existingIface=[name=wlan0 type=STA]
11-05 05:24:22.382   834  1031 I HalDevMgr: bestIfaceCreationProposal is null, requestIface=STA, existingIface=[name=wlan0 type=STA]
11-05 05:24:25.389   834  1031 I HalDevMgr: bestIfaceCreationProposal is null, requestIface=STA, existingIface=[name=wlan0 type=STA]
11-05 05:24:25.428  4739  4845 D SatelliteController: iisInCarrierRoamingNbIotNtn: satellite is disabled
11-05 05:24:25.428  4739  4845 D SatelliteController: getCarrierRoamingNtnConnectType: Falling back to global carrier config connect type: 0
11-05 05:24:28.397   834  1031 I HalDevMgr: bestIfaceCreationProposal is null, requestIface=STA, existingIface=[name=wlan0 type=STA]
11-05 05:24:31.405   834  1031 I HalDevMgr: bestIfaceCreationProposal is null, requestIface=STA, existingIface=[name=wlan0 type=STA]
11-05 05:24:34.412   834  1031 I HalDevMgr: bestIfaceCreationProposal is null, requestIface=STA, existingIface=[name=wlan0 type=STA]
11-05 05:24:35.429  4739  4845 D SatelliteController: iisInCarrierRoamingNbIotNtn: satellite is disabled
11-05 05:24:35.430  4739  4845 D SatelliteController: getCarrierRoamingNtnConnectType: Falling back to global carrier config connect type: 0
11-05 05:24:37.420   834  1031 I HalDevMgr: bestIfaceCreationProposal is null, requestIface=STA, existingIface=[name=wlan0 type=STA]
11-05 05:24:40.426   834  1031 I HalDevMgr: bestIfaceCreationProposal is null, requestIface=STA, existingIface=[name=wlan0 type=STA]
11-05 05:24:43.434   834  1031 I HalDevMgr: bestIfaceCreationProposal is null, requestIface=STA, existingIface=[name=wlan0 type=STA]
11-05 05:24:45.430  4739  4845 D SatelliteController: iisInCarrierRoamingNbIotNtn: satellite is disabled
11-05 05:24:45.431  4739  4845 D SatelliteController: getCarrierRoamingNtnConnectType: Falling back to global carrier config connect type: 0
11-05 05:24:46.442   834  1031 I HalDevMgr: bestIfaceCreationProposal is null, requestIface=STA, existingIface=[name=wlan0 type=STA]
11-05 05:24:49.076  1505  6801 I FusedLocation: (REDACTED) location delivery to %s blocked - too close
11-05 05:24:49.116  1505  6801 W GLSUser : [DeviceKeyStore] Cannot load key: Device key file not found.
11-05 05:24:49.148   834   859 D ActivityManager: sync unfroze 2820 com.google.android.gms.unstable for 6
11-05 05:24:49.149   834  1092 D BackgroundInstallControlService: Package event received: 0
11-05 05:24:49.151  2820  2820 D ActivityThread: Package [com.scratchoracle.app] reported as REPLACED, but missing application info. Assuming REMOVED.
11-05 05:24:49.151  2820  2820 D ActivityThread: Package [com.scratchoracle.app] reported as REPLACED, but missing application info. Assuming REMOVED.
11-05 05:24:49.166   834  1961 W ProcessStats: Tracking association SourceState{20d7f9f com.google.android.gms.persistent/10147 BFgs #6089} whose proc state 4 is better than process ProcessState{47b672e com.google.android.gms.unstable/10147 pkg=com.google.android.gms} proc state 14 (0 skipped)
11-05 05:24:49.177   834  1092 D BackgroundInstallControlService: Package event received: 0
11-05 05:24:49.277  2820  2828 W libc    : Access denied finding property "persist.adb.tls_server.enable"
11-05 05:24:49.295  2820  2824 W id.gms.unstable: Reducing the number of considered missed Gc histogram windows from 360 to 100
11-05 05:24:49.302   834  1966 D FileUtils: Rounded bytes from 2061062144 to 4000000000
11-05 05:24:49.311  1505  1505 D BoundBrokerSvc: onRebind: Intent { act=com.google.android.gms.common.telemetry.service.START dat=chimera-action:/... xflg=0x4 cmp=com.google.android.gms/.chimera.PersistentApiService }
11-05 05:24:49.329  1505  6801 W GmsUrlRequestImpl: [https://android.googleapis.com/auth/devicekey] Content-Type header is overwritten.
11-05 05:24:49.392  1505  5519 I GmsCoreXrpcWrapper: (REDACTED) Creating a custom channel provider with trafficStatsTag=%d trafficStatsUid=%d
11-05 05:24:49.420  1505  5519 I LocationReportUplIntOp: Uploading owner sightings. [CONTEXT service_id=284 ratelimit_period="5 MINUTES" ]
11-05 05:24:49.421  1505  5519 I GmsCoreXrpcWrapper: (REDACTED) Returning a channel provider with trafficStatsTag=%d trafficStatsUid=%d
11-05 05:24:49.453   834  1031 I HalDevMgr: bestIfaceCreationProposal is null, requestIface=STA, existingIface=[name=wlan0 type=STA]
11-05 05:24:49.459  1505  6801 W GLSUser : [AppCertManager] Exception while requesting key: 
11-05 05:24:49.459  1505  6801 W GLSUser : java.util.concurrent.ExecutionException: cont: Parse Proto Exception with response code 400
11-05 05:24:49.459  1505  6801 W GLSUser : 	at grcy.j(:com.google.android.gms@254333038@25.43.33 (260800-826063635):21)
11-05 05:24:49.459  1505  6801 W GLSUser : 	at grdh.u(:com.google.android.gms@254333038@25.43.33 (260800-826063635):71)
11-05 05:24:49.459  1505  6801 W GLSUser : 	at ajrf.b(:com.google.android.gms@254333038@25.43.33 (260800-826063635):439)
11-05 05:24:49.459  1505  6801 W GLSUser : 	at ajrd.a(:com.google.android.gms@254333038@25.43.33 (260800-826063635):67)
11-05 05:24:49.459  1505  6801 W GLSUser : 	at ajqz.a(:com.google.android.gms@254333038@25.43.33 (260800-826063635):3)
11-05 05:24:49.459  1505  6801 W GLSUser : 	at ajrb.a(:com.google.android.gms@254333038@25.43.33 (260800-826063635):58)
11-05 05:24:49.459  1505  6801 W GLSUser : 	at ajrb.b(:com.google.android.gms@254333038@25.43.33 (260800-826063635):21)
11-05 05:24:49.459  1505  6801 W GLSUser : 	at bdea.m(:com.google.android.gms@254333038@25.43.33 (260800-826063635):13)
11-05 05:24:49.459  1505  6801 W GLSUser : 	at bdep.f(:com.google.android.gms@254333038@25.43.33 (260800-826063635):10)
11-05 05:24:49.459  1505  6801 W GLSUser : 	at gacx.a(:com.google.android.gms@254333038@25.43.33 (260800-826063635):45)
11-05 05:24:49.459  1505  6801 W GLSUser : 	at gacr.b(:com.google.android.gms@254333038@25.43.33 (260800-826063635):279)
11-05 05:24:49.459  1505  6801 W GLSUser : 	at gbfs.g(:com.google.android.gms@254333038@25.43.33 (260800-826063635):15)
11-05 05:24:49.459  1505  6801 W GLSUser : 	at gbfo.run(:com.google.android.gms@254333038@25.43.33 (260800-826063635):163)
11-05 05:24:49.459  1505  6801 W GLSUser : 	at bdla.c(:com.google.android.gms@254333038@25.43.33 (260800-826063635):50)
11-05 05:24:49.459  1505  6801 W GLSUser : 	at bdla.run(:com.google.android.gms@254333038@25.43.33 (260800-826063635):73)
11-05 05:24:49.459  1505  6801 W GLSUser : 	at java.util.concurrent.ThreadPoolExecutor.runWorker(ThreadPoolExecutor.java:1154)
11-05 05:24:49.459  1505  6801 W GLSUser : 	at java.util.concurrent.ThreadPoolExecutor$Worker.run(ThreadPoolExecutor.java:652)
11-05 05:24:49.459  1505  6801 W GLSUser : 	at bdqr.run(:com.google.android.gms@254333038@25.43.33 (260800-826063635):8)
11-05 05:24:49.459  1505  6801 W GLSUser : 	at java.lang.Thread.run(Thread.java:1563)
11-05 05:24:49.459  1505  6801 W GLSUser : Caused by: cont: Parse Proto Exception with response code 400
11-05 05:24:49.459  1505  6801 W GLSUser : 	at coow.e(:com.google.android.gms@254333038@25.43.33 (260800-826063635):71)
11-05 05:24:49.459  1505  6801 W GLSUser : 	at cori.d(:com.google.android.gms@254333038@25.43.33 (260800-826063635):18)
11-05 05:24:49.459  1505  6801 W GLSUser : 	at corz.onSucceeded(:com.google.android.gms@254333038@25.43.33 (260800-826063635):9)
11-05 05:24:49.459  1505  6801 W GLSUser : 	at m1.nd.onSucceeded(:com.google.android.gms.dynamite_cronetdynamite@254333038@25.43.33 (260800-0):3)
11-05 05:24:49.459  1505  6801 W GLSUser : 	at m1.lw.run(:com.google.android.gms.dynamite_cronetdynamite@254333038@25.43.33 (260800-0):21)
11-05 05:24:49.459  1505  6801 W GLSUser : 	at m1.lq.run(:com.google.android.gms.dynamite_cronetdynamite@254333038@25.43.33 (260800-0):31)
11-05 05:24:49.459  1505  6801 W GLSUser : 	... 6 more
11-05 05:24:49.459  1505  6801 W GLSUser : Caused by: hlgj: Protocol message contained an invalid tag (zero).
11-05 05:24:49.459  1505  6801 W GLSUser : 	at hldf.k(:com.google.android.gms@254333038@25.43.33 (260800-826063635):43)
11-05 05:24:49.459  1505  6801 W GLSUser : 	at hlhh.c(:com.google.android.gms@254333038@25.43.33 (260800-826063635):399)
11-05 05:24:49.459  1505  6801 W GLSUser : 	at hlhh.i(:com.google.android.gms@254333038@25.43.33 (260800-826063635):8)
11-05 05:24:49.459  1505  6801 W GLSUser : 	at hlfn.y(:com.google.android.gms@254333038@25.43.33 (260800-826063635):23)
11-05 05:24:49.459  1505  6801 W GLSUser : 	at hlfi.g(:com.google.android.gms@254333038@25.43.33 (260800-826063635):3)
11-05 05:24:49.459  1505  6801 W GLSUser : 	at hldb.e(:com.google.android.gms@254333038@25.43.33 (260800-826063635):1)
11-05 05:24:49.459  1505  6801 W GLSUser : 	at hldb.d(:com.google.android.gms@254333038@25.43.33 (260800-826063635):3)
11-05 05:24:49.459  1505  6801 W GLSUser : 	at hldb.p(:com.google.android.gms@254333038@25.43.33 (260800-826063635):1)
11-05 05:24:49.459  1505  6801 W GLSUser : 	at coow.g(:com.google.android.gms@254333038@25.43.33 (260800-826063635):69)
11-05 05:24:49.459  1505  6801 W GLSUser : 	at coow.e(:com.google.android.gms@254333038@25.43.33 (260800-826063635):11)
11-05 05:24:49.459  1505  6801 W GLSUser : 	... 11 more
11-05 05:24:49.463  1505  6801 W GLSUser : [DeviceKeyStore] Cannot load key: Device key file not found.
11-05 05:24:49.500  1505  7878 W Conscrypt: Could not set socket write timeout: java.net.SocketException: Socket closed
11-05 05:24:49.505  1505  7878 W Conscrypt: 	at com.google.android.gms.org.conscrypt.Platform.setSocketWriteTimeout(:com.google.android.gms@254333038@25.43.33 (260800-826063635):204)
11-05 05:24:49.505  1505  7878 W Conscrypt: 	at com.google.android.gms.org.conscrypt.ConscryptFileDescriptorSocket.setSoWriteTimeout(:com.google.android.gms@254333038@25.43.33 (260800-826063635):4)
11-05 05:24:49.530  1505  7883 E igsc    : *~*~*~ Previous channel {0} was garbage collected without being shut down! ~*~*~*
11-05 05:24:49.530  1505  7883 E igsc    :     Make sure to call shutdown()/shutdownNow()
11-05 05:24:49.530  1505  7883 E igsc    : java.lang.RuntimeException: ManagedChannel allocation site
11-05 05:24:49.530  1505  7883 E igsc    : 	at igsb.<init>(:com.google.android.gms@254333038@25.43.33 (260800-826063635):21)
11-05 05:24:49.530  1505  7883 E igsc    : 	at igsc.<init>(:com.google.android.gms@254333038@25.43.33 (260800-826063635):10)
11-05 05:24:49.530  1505  7883 E igsc    : 	at igsa.a(:com.google.android.gms@254333038@25.43.33 (260800-826063635):250)
11-05 05:24:49.530  1505  7883 E igsc    : 	at igci.a(:com.google.android.gms@254333038@25.43.33 (260800-826063635):5)
11-05 05:24:49.530  1505  7883 E igsc    : 	at cpyz.h(:com.google.android.gms@254333038@25.43.33 (260800-826063635):150)
11-05 05:24:49.530  1505  7883 E igsc    : 	at gupc.a(:com.google.android.gms@254333038@25.43.33 (260800-826063635):154)
11-05 05:24:49.530  1505  7883 E igsc    : 	at gitr.a(:com.google.android.gms@254333038@25.43.33 (260800-826063635):13)
11-05 05:24:49.530  1505  7883 E igsc    : 	at grhi.a(:com.google.android.gms@254333038@25.43.33 (260800-826063635):3)
11-05 05:24:49.530  1505  7883 E igsc    : 	at grgj.run(:com.google.android.gms@254333038@25.43.33 (260800-826063635):19)
11-05 05:24:49.530  1505  7883 E igsc    : 	at grhk.run(:com.google.android.gms@254333038@25.43.33 (260800-826063635):5)
11-05 05:24:49.530  1505  7883 E igsc    : 	at bdla.c(:com.google.android.gms@254333038@25.43.33 (260800-826063635):50)
11-05 05:24:49.530  1505  7883 E igsc    : 	at bdla.run(:com.google.android.gms@254333038@25.43.33 (260800-826063635):73)
11-05 05:24:49.530  1505  7883 E igsc    : 	at java.util.concurrent.ThreadPoolExecutor.runWorker(ThreadPoolExecutor.java:1154)
11-05 05:24:49.530  1505  7883 E igsc    : 	at java.util.concurrent.ThreadPoolExecutor$Worker.run(ThreadPoolExecutor.java:652)
11-05 05:24:49.530  1505  7883 E igsc    : 	at bdqr.run(:com.google.android.gms@254333038@25.43.33 (260800-826063635):8)
11-05 05:24:49.530  1505  7883 E igsc    : 	at java.lang.Thread.run(Thread.java:1563)
11-05 05:24:49.534  1505  7878 W Conscrypt: Could not set socket write timeout: java.net.SocketException: Socket closed
11-05 05:24:49.534  1505  7878 W Conscrypt: 	at com.google.android.gms.org.conscrypt.Platform.setSocketWriteTimeout(:com.google.android.gms@254333038@25.43.33 (260800-826063635):204)
11-05 05:24:49.534  1505  7878 W Conscrypt: 	at com.google.android.gms.org.conscrypt.ConscryptFileDescriptorSocket.setSoWriteTimeout(:com.google.android.gms@254333038@25.43.33 (260800-826063635):4)
11-05 05:24:49.584  1505  6801 W GmsWeatherProviderContr: Failed to fetch weather tile
11-05 05:24:49.584  1505  6801 W GmsWeatherProviderContr: igfy: INVALID_ARGUMENT: Application credential header not valid. Please fix the client to pass a valid application credential header.
11-05 05:24:49.584  1505  6801 W GmsWeatherProviderContr: 	at bdep.s(:com.google.android.gms@254333038@25.43.33 (260800-826063635):31)
11-05 05:24:49.584  1505  6801 W GmsWeatherProviderContr: 	at bdep.f(:com.google.android.gms@254333038@25.43.33 (260800-826063635):90)
11-05 05:24:49.584  1505  6801 W GmsWeatherProviderContr: 	at gacx.a(:com.google.android.gms@254333038@25.43.33 (260800-826063635):45)
11-05 05:24:49.584  1505  6801 W GmsWeatherProviderContr: 	at gacr.b(:com.google.android.gms@254333038@25.43.33 (260800-826063635):279)
11-05 05:24:49.584  1505  6801 W GmsWeatherProviderContr: 	at gbfs.g(:com.google.android.gms@254333038@25.43.33 (260800-826063635):15)
11-05 05:24:49.584  1505  6801 W GmsWeatherProviderContr: 	at gbfo.run(:com.google.android.gms@254333038@25.43.33 (260800-826063635):163)
11-05 05:24:49.584  1505  6801 W GmsWeatherProviderContr: 	at bdla.c(:com.google.android.gms@254333038@25.43.33 (260800-826063635):50)
11-05 05:24:49.584  1505  6801 W GmsWeatherProviderContr: 	at bdla.run(:com.google.android.gms@254333038@25.43.33 (260800-826063635):73)
11-05 05:24:49.584  1505  6801 W GmsWeatherProviderContr: 	at java.util.concurrent.ThreadPoolExecutor.runWorker(ThreadPoolExecutor.java:1154)
11-05 05:24:49.584  1505  6801 W GmsWeatherProviderContr: 	at java.util.concurrent.ThreadPoolExecutor$Worker.run(ThreadPoolExecutor.java:652)
11-05 05:24:49.584  1505  6801 W GmsWeatherProviderContr: 	at bdqr.run(:com.google.android.gms@254333038@25.43.33 (260800-826063635):8)
11-05 05:24:49.584  1505  6801 W GmsWeatherProviderContr: 	at java.lang.Thread.run(Thread.java:1563)
11-05 05:24:49.742  1505  3172 I cn_CronetUrlRequestContext: destroyNativeStreamLocked org.chromium.net.impl.CronetBidirectionalStream@261e67c
11-05 05:24:52.461   834  1031 I HalDevMgr: bestIfaceCreationProposal is null, requestIface=STA, existingIface=[name=wlan0 type=STA]
11-05 05:24:54.314  1505  1505 D BoundBrokerSvc: onUnbind: Intent { act=com.google.android.gms.common.telemetry.service.START dat=chimera-action:/... xflg=0x4 cmp=com.google.android.gms/.chimera.PersistentApiService }
11-05 05:24:55.430  4739  4845 D SatelliteController: iisInCarrierRoamingNbIotNtn: satellite is disabled
11-05 05:24:55.431  4739  4845 D SatelliteController: getCarrierRoamingNtnConnectType: Falling back to global carrier config connect type: 0
11-05 05:24:55.469   834  1031 I HalDevMgr: bestIfaceCreationProposal is null, requestIface=STA, existingIface=[name=wlan0 type=STA]
11-05 05:24:58.478   834  1031 I HalDevMgr: bestIfaceCreationProposal is null, requestIface=STA, existingIface=[name=wlan0 type=STA]
11-05 05:25:01.484   834  1031 I HalDevMgr: bestIfaceCreationProposal is null, requestIface=STA, existingIface=[name=wlan0 type=STA]
11-05 05:25:04.325   834   970 D ActivityManager: freezing 2820 com.google.android.gms.unstable
11-05 05:25:04.491   834  1031 I HalDevMgr: bestIfaceCreationProposal is null, requestIface=STA, existingIface=[name=wlan0 type=STA]
11-05 05:25:05.430  4739  4845 D SatelliteController: iisInCarrierRoamingNbIotNtn: satellite is disabled
11-05 05:25:05.431  4739  4845 D SatelliteController: getCarrierRoamingNtnConnectType: Falling back to global carrier config connect type: 0
11-05 05:25:07.500   834  1031 I HalDevMgr: bestIfaceCreationProposal is null, requestIface=STA, existingIface=[name=wlan0 type=STA]
11-05 05:25:10.509   834  1031 I HalDevMgr: bestIfaceCreationProposal is null, requestIface=STA, existingIface=[name=wlan0 type=STA]
11-05 05:25:13.515   834  1031 I HalDevMgr: bestIfaceCreationProposal is null, requestIface=STA, existingIface=[name=wlan0 type=STA]
11-05 05:25:15.430  4739  4845 D SatelliteController: iisInCarrierRoamingNbIotNtn: satellite is disabled
11-05 05:25:15.431  4739  4845 D SatelliteController: getCarrierRoamingNtnConnectType: Falling back to global carrier config connect type: 0
11-05 05:25:16.523   834  1031 I HalDevMgr: bestIfaceCreationProposal is null, requestIface=STA, existingIface=[name=wlan0 type=STA]
11-05 05:25:19.532   834  1031 I HalDevMgr: bestIfaceCreationProposal is null, requestIface=STA, existingIface=[name=wlan0 type=STA]
11-05 05:25:22.540   834  1031 I HalDevMgr: bestIfaceCreationProposal is null, requestIface=STA, existingIface=[name=wlan0 type=STA]
11-05 05:25:25.432  4739  4845 D SatelliteController: iisInCarrierRoamingNbIotNtn: satellite is disabled
11-05 05:25:25.433  4739  4845 D SatelliteController: getCarrierRoamingNtnConnectType: Falling back to global carrier config connect type: 0
11-05 05:25:25.546   834  1031 I HalDevMgr: bestIfaceCreationProposal is null, requestIface=STA, existingIface=[name=wlan0 type=STA]
11-05 05:25:28.554   834  1031 I HalDevMgr: bestIfaceCreationProposal is null, requestIface=STA, existingIface=[name=wlan0 type=STA]
11-05 05:25:31.562   834  1031 I HalDevMgr: bestIfaceCreationProposal is null, requestIface=STA, existingIface=[name=wlan0 type=STA]
11-05 05:25:34.570   834  1031 I HalDevMgr: bestIfaceCreationProposal is null, requestIface=STA, existingIface=[name=wlan0 type=STA]
11-05 05:25:35.431  4739  4845 D SatelliteController: iisInCarrierRoamingNbIotNtn: satellite is disabled
11-05 05:25:35.431  4739  4845 D SatelliteController: getCarrierRoamingNtnConnectType: Falling back to global carrier config connect type: 0
11-05 05:25:37.577   834  1031 I HalDevMgr: bestIfaceCreationProposal is null, requestIface=STA, existingIface=[name=wlan0 type=STA]
11-05 05:25:40.584   834  1031 I HalDevMgr: bestIfaceCreationProposal is null, requestIface=STA, existingIface=[name=wlan0 type=STA]
11-05 05:25:43.593   834  1031 I HalDevMgr: bestIfaceCreationProposal is null, requestIface=STA, existingIface=[name=wlan0 type=STA]
11-05 05:25:45.431  4739  4845 D SatelliteController: iisInCarrierRoamingNbIotNtn: satellite is disabled
11-05 05:25:45.432  4739  4845 D SatelliteController: getCarrierRoamingNtnConnectType: Falling back to global carrier config connect type: 0
11-05 05:25:46.599   834  1031 I HalDevMgr: bestIfaceCreationProposal is null, requestIface=STA, existingIface=[name=wlan0 type=STA]
11-05 05:25:49.606   834  1031 I HalDevMgr: bestIfaceCreationProposal is null, requestIface=STA, existingIface=[name=wlan0 type=STA]
11-05 05:25:52.612   834  1031 I HalDevMgr: bestIfaceCreationProposal is null, requestIface=STA, existingIface=[name=wlan0 type=STA]
11-05 05:25:55.431  4739  4845 D SatelliteController: iisInCarrierRoamingNbIotNtn: satellite is disabled
11-05 05:25:55.431  4739  4845 D SatelliteController: getCarrierRoamingNtnConnectType: Falling back to global carrier config connect type: 0
11-05 05:25:55.620   834  1031 I HalDevMgr: bestIfaceCreationProposal is null, requestIface=STA, existingIface=[name=wlan0 type=STA]
11-05 05:25:58.628   834  1031 I HalDevMgr: bestIfaceCreationProposal is null, requestIface=STA, existingIface=[name=wlan0 type=STA]
11-05 05:26:01.636   834  1031 I HalDevMgr: bestIfaceCreationProposal is null, requestIface=STA, existingIface=[name=wlan0 type=STA]
11-05 05:26:04.645   834  1031 I HalDevMgr: bestIfaceCreationProposal is null, requestIface=STA, existingIface=[name=wlan0 type=STA]
11-05 05:26:05.431  4739  4845 D SatelliteController: iisInCarrierRoamingNbIotNtn: satellite is disabled
11-05 05:26:05.431  4739  4845 D SatelliteController: getCarrierRoamingNtnConnectType: Falling back to global carrier config connect type: 0
11-05 05:26:07.654   834  1031 I HalDevMgr: bestIfaceCreationProposal is null, requestIface=STA, existingIface=[name=wlan0 type=STA]
11-05 05:26:10.660   834  1031 I HalDevMgr: bestIfaceCreationProposal is null, requestIface=STA, existingIface=[name=wlan0 type=STA]
11-05 05:26:10.807  1260  1399 W AlarmManager: Unrecognized alarm listener com.android.networkstack.android.net.ip.IpClientLinkObserver$Dhcp6PdPreferredPrefixAlarmListener@9324391
11-05 05:26:10.813  1260  1399 D ApfFilter: (wlan0): Adding RA fe80::2 -> ff02::1 1800s fec0::/64 86400s/14400s 
11-05 05:26:13.668   834  1031 I HalDevMgr: bestIfaceCreationProposal is null, requestIface=STA, existingIface=[name=wlan0 type=STA]
11-05 05:26:15.431  4739  4845 D SatelliteController: iisInCarrierRoamingNbIotNtn: satellite is disabled
11-05 05:26:15.432  4739  4845 D SatelliteController: getCarrierRoamingNtnConnectType: Falling back to global carrier config connect type: 0
11-05 05:26:16.432   834  2100 D WifiNl80211Manager: Scan result ready event
11-05 05:26:16.432   834  2100 D WifiNative: Scan result ready event
11-05 05:26:16.434  1505  1516 I WifiScanner: onFullResults
11-05 05:26:16.434  1505  1518 I WifiScanner: onFullResults
11-05 05:26:16.436   834  1031 I HalDevMgr: bestIfaceCreationProposal is null, requestIface=STA, existingIface=[name=wlan0 type=STA]
11-05 05:26:16.672   834  1031 I HalDevMgr: bestIfaceCreationProposal is null, requestIface=STA, existingIface=[name=wlan0 type=STA]
11-05 05:26:19.679   834  1031 I HalDevMgr: bestIfaceCreationProposal is null, requestIface=STA, existingIface=[name=wlan0 type=STA]
11-05 05:26:22.689   834  1031 I HalDevMgr: bestIfaceCreationProposal is null, requestIface=STA, existingIface=[name=wlan0 type=STA]
11-05 05:26:25.431  4739  4845 D SatelliteController: iisInCarrierRoamingNbIotNtn: satellite is disabled
11-05 05:26:25.432  4739  4845 D SatelliteController: getCarrierRoamingNtnConnectType: Falling back to global carrier config connect type: 0
11-05 05:26:25.696   834  1031 I HalDevMgr: bestIfaceCreationProposal is null, requestIface=STA, existingIface=[name=wlan0 type=STA]
11-05 05:26:28.703   834  1031 I HalDevMgr: bestIfaceCreationProposal is null, requestIface=STA, existingIface=[name=wlan0 type=STA]
11-05 05:26:31.711   834  1031 I HalDevMgr: bestIfaceCreationProposal is null, requestIface=STA, existingIface=[name=wlan0 type=STA]
11-05 05:26:34.719   834  1031 I HalDevMgr: bestIfaceCreationProposal is null, requestIface=STA, existingIface=[name=wlan0 type=STA]
11-05 05:26:35.431  4739  4845 D SatelliteController: iisInCarrierRoamingNbIotNtn: satellite is disabled
11-05 05:26:35.432  4739  4845 D SatelliteController: getCarrierRoamingNtnConnectType: Falling back to global carrier config connect type: 0
